Archive member included to satisfy reference by file (symbol)

c:/st/stm32cubeide_1.0.1/stm32cubeide/plugins/com.st.stm32cube.ide.mcu.externaltools.gnu-tools-for-stm32.10.3-2021.10.win32_1.0.0.202111181127/tools/bin/../lib/gcc/arm-none-eabi/10.3.1/../../../../arm-none-eabi/lib/thumb/v7e-m+fp/hard\libc_nano.a(lib_a-errno.o)
                              ./Core/Src/syscalls.o (__errno)
c:/st/stm32cubeide_1.0.1/stm32cubeide/plugins/com.st.stm32cube.ide.mcu.externaltools.gnu-tools-for-stm32.10.3-2021.10.win32_1.0.0.202111181127/tools/bin/../lib/gcc/arm-none-eabi/10.3.1/../../../../arm-none-eabi/lib/thumb/v7e-m+fp/hard\libc_nano.a(lib_a-exit.o)
                              c:/st/stm32cubeide_1.0.1/stm32cubeide/plugins/com.st.stm32cube.ide.mcu.externaltools.gnu-tools-for-stm32.10.3-2021.10.win32_1.0.0.202111181127/tools/bin/../lib/gcc/arm-none-eabi/10.3.1/../../../../arm-none-eabi/lib/thumb/v7e-m+fp/hard/crt0.o (exit)
c:/st/stm32cubeide_1.0.1/stm32cubeide/plugins/com.st.stm32cube.ide.mcu.externaltools.gnu-tools-for-stm32.10.3-2021.10.win32_1.0.0.202111181127/tools/bin/../lib/gcc/arm-none-eabi/10.3.1/../../../../arm-none-eabi/lib/thumb/v7e-m+fp/hard\libc_nano.a(lib_a-impure.o)
                              c:/st/stm32cubeide_1.0.1/stm32cubeide/plugins/com.st.stm32cube.ide.mcu.externaltools.gnu-tools-for-stm32.10.3-2021.10.win32_1.0.0.202111181127/tools/bin/../lib/gcc/arm-none-eabi/10.3.1/../../../../arm-none-eabi/lib/thumb/v7e-m+fp/hard\libc_nano.a(lib_a-exit.o) (_global_impure_ptr)
c:/st/stm32cubeide_1.0.1/stm32cubeide/plugins/com.st.stm32cube.ide.mcu.externaltools.gnu-tools-for-stm32.10.3-2021.10.win32_1.0.0.202111181127/tools/bin/../lib/gcc/arm-none-eabi/10.3.1/../../../../arm-none-eabi/lib/thumb/v7e-m+fp/hard\libc_nano.a(lib_a-init.o)
                              c:/st/stm32cubeide_1.0.1/stm32cubeide/plugins/com.st.stm32cube.ide.mcu.externaltools.gnu-tools-for-stm32.10.3-2021.10.win32_1.0.0.202111181127/tools/bin/../lib/gcc/arm-none-eabi/10.3.1/../../../../arm-none-eabi/lib/thumb/v7e-m+fp/hard/crt0.o (__libc_init_array)
c:/st/stm32cubeide_1.0.1/stm32cubeide/plugins/com.st.stm32cube.ide.mcu.externaltools.gnu-tools-for-stm32.10.3-2021.10.win32_1.0.0.202111181127/tools/bin/../lib/gcc/arm-none-eabi/10.3.1/../../../../arm-none-eabi/lib/thumb/v7e-m+fp/hard\libc_nano.a(lib_a-malloc.o)
                              ./Middlewares/ST/STM32_USB_Device_Library/Class/CDC/Src/usbd_cdc.o (malloc)
c:/st/stm32cubeide_1.0.1/stm32cubeide/plugins/com.st.stm32cube.ide.mcu.externaltools.gnu-tools-for-stm32.10.3-2021.10.win32_1.0.0.202111181127/tools/bin/../lib/gcc/arm-none-eabi/10.3.1/../../../../arm-none-eabi/lib/thumb/v7e-m+fp/hard\libc_nano.a(lib_a-memcpy-stub.o)
                              ./Core/Src/tasks_manager.o (memcpy)
c:/st/stm32cubeide_1.0.1/stm32cubeide/plugins/com.st.stm32cube.ide.mcu.externaltools.gnu-tools-for-stm32.10.3-2021.10.win32_1.0.0.202111181127/tools/bin/../lib/gcc/arm-none-eabi/10.3.1/../../../../arm-none-eabi/lib/thumb/v7e-m+fp/hard\libc_nano.a(lib_a-memset.o)
                              c:/st/stm32cubeide_1.0.1/stm32cubeide/plugins/com.st.stm32cube.ide.mcu.externaltools.gnu-tools-for-stm32.10.3-2021.10.win32_1.0.0.202111181127/tools/bin/../lib/gcc/arm-none-eabi/10.3.1/../../../../arm-none-eabi/lib/thumb/v7e-m+fp/hard/crt0.o (memset)
c:/st/stm32cubeide_1.0.1/stm32cubeide/plugins/com.st.stm32cube.ide.mcu.externaltools.gnu-tools-for-stm32.10.3-2021.10.win32_1.0.0.202111181127/tools/bin/../lib/gcc/arm-none-eabi/10.3.1/../../../../arm-none-eabi/lib/thumb/v7e-m+fp/hard\libc_nano.a(lib_a-nano-freer.o)
                              c:/st/stm32cubeide_1.0.1/stm32cubeide/plugins/com.st.stm32cube.ide.mcu.externaltools.gnu-tools-for-stm32.10.3-2021.10.win32_1.0.0.202111181127/tools/bin/../lib/gcc/arm-none-eabi/10.3.1/../../../../arm-none-eabi/lib/thumb/v7e-m+fp/hard\libc_nano.a(lib_a-malloc.o) (_free_r)
c:/st/stm32cubeide_1.0.1/stm32cubeide/plugins/com.st.stm32cube.ide.mcu.externaltools.gnu-tools-for-stm32.10.3-2021.10.win32_1.0.0.202111181127/tools/bin/../lib/gcc/arm-none-eabi/10.3.1/../../../../arm-none-eabi/lib/thumb/v7e-m+fp/hard\libc_nano.a(lib_a-nano-mallocr.o)
                              c:/st/stm32cubeide_1.0.1/stm32cubeide/plugins/com.st.stm32cube.ide.mcu.externaltools.gnu-tools-for-stm32.10.3-2021.10.win32_1.0.0.202111181127/tools/bin/../lib/gcc/arm-none-eabi/10.3.1/../../../../arm-none-eabi/lib/thumb/v7e-m+fp/hard\libc_nano.a(lib_a-malloc.o) (_malloc_r)
c:/st/stm32cubeide_1.0.1/stm32cubeide/plugins/com.st.stm32cube.ide.mcu.externaltools.gnu-tools-for-stm32.10.3-2021.10.win32_1.0.0.202111181127/tools/bin/../lib/gcc/arm-none-eabi/10.3.1/../../../../arm-none-eabi/lib/thumb/v7e-m+fp/hard\libc_nano.a(lib_a-sbrkr.o)
[...]
Memory Configuration

Name             Origin             Length             Attributes
RAM              0x0000000020000000 0x0000000000050000 xrw
FLASH            0x0000000008000000 0x0000000000100000 xr
*default*        0x0000000000000000 0xffffffffffffffff

Linker script and memory map

LOAD c:/st/stm32cubeide_1.0.1/stm32cubeide/plugins/com.st.stm32cube.ide.mcu.externaltools.gnu-tools-for-stm32.10.3-2021.10.win32_1.0.0.202111181127/tools/bin/../lib/gcc/arm-none-eabi/10.3.1/thumb/v7e-m+fp/hard/crti.o
LOAD c:/st/stm32cubeide_1.0.1/stm32cubeide/plugins/com.st.stm32cube.ide.mcu.externaltools.gnu-tools-for-stm32.10.3-2021.10.win32_1.0.0.202111181127/tools/bin/../lib/gcc/arm-none-eabi/10.3.1/thumb/v7e-m+fp/hard/crtbegin.o
LOAD c:/st/stm32cubeide_1.0.1/stm32cubeide/plugins/com.st.stm32cube.ide.mcu.externaltools.gnu-tools-for-stm32.10.3-2021.10.win32_1.0.0.202111181127/tools/bin/../lib/gcc/arm-none-eabi/10.3.1/../../../../arm-none-eabi/lib/thumb/v7e-m+fp/hard/crt0.o
LOAD ./Core/Src/AsciiTools.o
LOAD ./Core/Src/main.o
LOAD ./Core/Src/stm32f7xx_hal_msp.o
LOAD ./Core/Src/stm32f7xx_hal_timebase_tim.o
LOAD ./Core/Src/stm32f7xx_it.o
LOAD ./Core/Src/syscalls.o
LOAD ./Core/Src/sysmem.o
LOAD ./Core/Src/system_stm32f7xx.o
LOAD ./Core/Src/tasks_manager.o
LOAD ./Core/Src/usb_tasks.o
LOAD ./Core/Startup/startup_stm32f746zgtx.o
LOAD ./Drivers/STM32F7xx_HAL_Driver/Src/stm32f7xx_hal.o
LOAD ./Drivers/STM32F7xx_HAL_Driver/Src/stm32f7xx_hal_cortex.o
LOAD ./Drivers/STM32F7xx_HAL_Driver/Src/stm32f7xx_hal_crc.o
LOAD ./Drivers/STM32F7xx_HAL_Driver/Src/stm32f7xx_hal_crc_ex.o
LOAD ./Drivers/STM32F7xx_HAL_Driver/Src/stm32f7xx_hal_dma.o
LOAD ./Drivers/STM32F7xx_HAL_Driver/Src/stm32f7xx_hal_dma_ex.o
LOAD ./Drivers/STM32F7xx_HAL_Driver/Src/stm32f7xx_hal_exti.o
LOAD ./Drivers/STM32F7xx_HAL_Driver/Src/stm32f7xx_hal_flash.o
LOAD ./Drivers/STM32F7xx_HAL_Driver/Src/stm32f7xx_hal_flash_ex.o
LOAD ./Drivers/STM32F7xx_HAL_Driver/Src/stm32f7xx_hal_gpio.o
LOAD ./Drivers/STM32F7xx_HAL_Driver/Src/stm32f7xx_hal_i2c.o
LOAD ./Drivers/STM32F7xx_HAL_Driver/Src/stm32f7xx_hal_i2c_ex.o
LOAD ./Drivers/STM32F7xx_HAL_Driver/Src/stm32f7xx_hal_pcd.o
LOAD ./Drivers/STM32F7xx_HAL_Driver/Src/stm32f7xx_hal_pcd_ex.o
LOAD ./Drivers/STM32F7xx_HAL_Driver/Src/stm32f7xx_hal_pwr.o
LOAD ./Drivers/STM32F7xx_HAL_Driver/Src/stm32f7xx_hal_pwr_ex.o
LOAD ./Drivers/STM32F7xx_HAL_Driver/Src/stm32f7xx_hal_rcc.o
LOAD ./Drivers/STM32F7xx_HAL_Driver/Src/stm32f7xx_hal_rcc_ex.o
LOAD ./Drivers/STM32F7xx_HAL_Driver/Src/stm32f7xx_hal_tim.o
LOAD ./Drivers/STM32F7xx_HAL_Driver/Src/stm32f7xx_hal_tim_ex.o
LOAD ./Drivers/STM32F7xx_HAL_Driver/Src/stm32f7xx_ll_usb.o
LOAD ./Middlewares/FREERTOS/croutine.o
LOAD ./Middlewares/FREERTOS/event_groups.o
LOAD ./Middlewares/FREERTOS/list.o
LOAD ./Middlewares/FREERTOS/queue.o
LOAD ./Middlewares/FREERTOS/stream_buffer.o
LOAD ./Middlewares/FREERTOS/tasks.o
LOAD ./Middlewares/FREERTOS/timers.o
LOAD ./Middlewares/FREERTOS/portable/GCC/ARM_CM7/r0p1/port.o
LOAD ./Middlewares/FREERTOS/portable/MemMang/heap_4.o
LOAD ./Middlewares/ST/STM32_USB_Device_Library/Class/CDC/Src/usbd_cdc.o
LOAD ./Middlewares/ST/STM32_USB_Device_Library/Core/Src/usbd_core.o
LOAD ./Middlewares/ST/STM32_USB_Device_Library/Core/Src/usbd_ctlreq.o
LOAD ./Middlewares/ST/STM32_USB_Device_Library/Core/Src/usbd_ioreq.o
LOAD ./USB_DEVICE/App/usb_device.o
LOAD ./USB_DEVICE/App/usbd_cdc_if.o
LOAD ./USB_DEVICE/App/usbd_desc.o
LOAD ./USB_DEVICE/Target/usbd_conf.o
LOAD ./Utils/cobs.o
LOAD ./Utils/ringBuffer.o
START GROUP
LOAD c:/st/stm32cubeide_1.0.1/stm32cubeide/plugins/com.st.stm32cube.ide.mcu.externaltools.gnu-tools-for-stm32.10.3-2021.10.win32_1.0.0.202111181127/tools/bin/../lib/gcc/arm-none-eabi/10.3.1/../../../../arm-none-eabi/lib/thumb/v7e-m+fp/hard\libc_nano.a
LOAD c:/st/stm32cubeide_1.0.1/stm32cubeide/plugins/com.st.stm32cube.ide.mcu.externaltools.gnu-tools-for-stm32.10.3-2021.10.win32_1.0.0.202111181127/tools/bin/../lib/gcc/arm-none-eabi/10.3.1/../../../../arm-none-eabi/lib/thumb/v7e-m+fp/hard\libm.a
END GROUP
START GROUP
LOAD c:/st/stm32cubeide_1.0.1/stm32cubeide/plugins/com.st.stm32cube.ide.mcu.externaltools.gnu-tools-for-stm32.10.3-2021.10.win32_1.0.0.202111181127/tools/bin/../lib/gcc/arm-none-eabi/10.3.1/thumb/v7e-m+fp/hard\libgcc.a
LOAD c:/st/stm32cubeide_1.0.1/stm32cubeide/plugins/com.st.stm32cube.ide.mcu.externaltools.gnu-tools-for-stm32.10.3-2021.10.win32_1.0.0.202111181127/tools/bin/../lib/gcc/arm-none-eabi/10.3.1/../../../../arm-none-eabi/lib/thumb/v7e-m+fp/hard\libc_nano.a
END GROUP
START GROUP
LOAD c:/st/stm32cubeide_1.0.1/stm32cubeide/plugins/com.st.stm32cube.ide.mcu.externaltools.gnu-tools-for-stm32.10.3-2021.10.win32_1.0.0.202111181127/tools/bin/../lib/gcc/arm-none-eabi/10.3.1/thumb/v7e-m+fp/hard\libgcc.a
LOAD c:/st/stm32cubeide_1.0.1/stm32cubeide/plugins/com.st.stm32cube.ide.mcu.externaltools.gnu-tools-for-stm32.10.3-2021.10.win32_1.0.0.202111181127/tools/bin/../lib/gcc/arm-none-eabi/10.3.1/../../../../arm-none-eabi/lib/thumb/v7e-m+fp/hard\libc_nano.a
LOAD c:/st/stm32cubeide_1.0.1/stm32cubeide/plugins/com.st.stm32cube.ide.mcu.externaltools.gnu-tools-for-stm32.10.3-2021.10.win32_1.0.0.202111181127/tools/bin/../lib/gcc/arm-none-eabi/10.3.1/../../../../arm-none-eabi/lib/thumb/v7e-m+fp/hard\libnosys.a
END GROUP
START GROUP
LOAD c:/st/stm32cubeide_1.0.1/stm32cubeide/plugins/com.st.stm32cube.ide.mcu.externaltools.gnu-tools-for-stm32.10.3-2021.10.win32_1.0.0.202111181127/tools/bin/../lib/gcc/arm-none-eabi/10.3.1/thumb/v7e-m+fp/hard\libgcc.a
LOAD c:/st/stm32cubeide_1.0.1/stm32cubeide/plugins/com.st.stm32cube.ide.mcu.externaltools.gnu-tools-for-stm32.10.3-2021.10.win32_1.0.0.202111181127/tools/bin/../lib/gcc/arm-none-eabi/10.3.1/../../../../arm-none-eabi/lib/thumb/v7e-m+fp/hard\libc_nano.a
LOAD c:/st/stm32cubeide_1.0.1/stm32cubeide/plugins/com.st.stm32cube.ide.mcu.externaltools.gnu-tools-for-stm32.10.3-2021.10.win32_1.0.0.202111181127/tools/bin/../lib/gcc/arm-none-eabi/10.3.1/../../../../arm-none-eabi/lib/thumb/v7e-m+fp/hard\libnosys.a
END GROUP
LOAD c:/st/stm32cubeide_1.0.1/stm32cubeide/plugins/com.st.stm32cube.ide.mcu.externaltools.gnu-tools-for-stm32.10.3-2021.10.win32_1.0.0.202111181127/tools/bin/../lib/gcc/arm-none-eabi/10.3.1/thumb/v7e-m+fp/hard/crtend.o
LOAD c:/st/stm32cubeide_1.0.1/stm32cubeide/plugins/com.st.stm32cube.ide.mcu.externaltools.gnu-tools-for-stm32.10.3-2021.10.win32_1.0.0.202111181127/tools/bin/../lib/gcc/arm-none-eabi/10.3.1/thumb/v7e-m+fp/hard/crtn.o
                0x0000000020050000                _estack = (ORIGIN (RAM) + LENGTH (RAM))
                0x0000000000000200                _Min_Heap_Size = 0x200
                0x0000000000000400                _Min_Stack_Size = 0x400

.isr_vector     0x0000000008000000      0x1c8
                0x0000000008000000                . = ALIGN (0x4)
 *(.isr_vector)
 .isr_vector    0x0000000008000000      0x1c8 ./Core/Startup/startup_stm32f746zgtx.o
                0x0000000008000000                g_pfnVectors
                0x00000000080001c8                . = ALIGN (0x4)

.text           0x00000000080001d0     0xb23c
                0x00000000080001d0                . = ALIGN (0x4)
 *(.text)
 .text          0x00000000080001d0       0x40 c:/st/stm32cubeide_1.0.1/stm32cubeide/plugins/com.st.stm32cube.ide.mcu.externaltools.gnu-tools-for-stm32.10.3-2021.10.win32_1.0.0.202111181127/tools/bin/../lib/gcc/arm-none-eabi/10.3.1/thumb/v7e-m+fp/hard/crtbegin.o
 .text          0x0000000008000210       0x30 c:/st/stm32cubeide_1.0.1/stm32cubeide/plugins/com.st.stm32cube.ide.mcu.externaltools.gnu-tools-for-stm32.10.3-2021.10.win32_1.0.0.202111181127/tools/bin/../lib/gcc/arm-none-eabi/10.3.1/thumb/v7e-m+fp/hard\libgcc.a(_aeabi_uldivmod.o)
                0x0000000008000210                __aeabi_uldivmod
 .text          0x0000000008000240      0x2d0 c:/st/stm32cubeide_1.0.1/stm32cubeide/plugins/com.st.stm32cube.ide.mcu.externaltools.gnu-tools-for-stm32.10.3-2021.10.win32_1.0.0.202111181127/tools/bin/../lib/gcc/arm-none-eabi/10.3.1/thumb/v7e-m+fp/hard\libgcc.a(_udivmoddi4.o)
                0x0000000008000240                __udivmoddi4
 .text          0x0000000008000510        0x4 c:/st/stm32cubeide_1.0.1/stm32cubeide/plugins/com.st.stm32cube.ide.mcu.externaltools.gnu-tools-for-stm32.10.3-2021.10.win32_1.0.0.202111181127/tools/bin/../lib/gcc/arm-none-eabi/10.3.1/thumb/v7e-m+fp/hard\libgcc.a(_dvmd_tls.o)
                0x0000000008000510                __aeabi_idiv0
                0x0000000008000510                __aeabi_ldiv0
 *(.text*)
 .text.main     0x0000000008000514       0x22 ./Core/Src/main.o
                0x0000000008000514                main
 *fill*         0x0000000008000536        0x2 
 .text.SystemClock_Config
                0x0000000008000538       0xd8 ./Core/Src/main.o
                0x0000000008000538                SystemClock_Config
 .text.MX_CRC_Init
                0x0000000008000610       0x58 ./Core/Src/main.o
 .text.MX_GPIO_Init
                0x0000000008000668      0x12c ./Core/Src/main.o
 .text.HAL_TIM_PeriodElapsedCallback
                0x0000000008000794       0x24 ./Core/Src/main.o
                0x0000000008000794                HAL_TIM_PeriodElapsedCallback
 .text.Error_Handler
                0x00000000080007b8        0xa ./Core/Src/main.o
                0x00000000080007b8                Error_Handler
 *fill*         0x00000000080007c2        0x2 
 .text.HAL_MspInit
                0x00000000080007c4       0x48 ./Core/Src/stm32f7xx_hal_msp.o
                0x00000000080007c4                HAL_MspInit
 .text.HAL_CRC_MspInit
                0x000000000800080c       0x40 ./Core/Src/stm32f7xx_hal_msp.o
                0x000000000800080c                HAL_CRC_MspInit
 .text.HAL_InitTick
                0x000000000800084c       0xb0 ./Core/Src/stm32f7xx_hal_timebase_tim.o
                0x000000000800084c                HAL_InitTick
 .text.NMI_Handler
                0x00000000080008fc        0x6 ./Core/Src/stm32f7xx_it.o
                0x00000000080008fc                NMI_Handler
 .text.HardFault_Handler
                0x0000000008000902        0x6 ./Core/Src/stm32f7xx_it.o
                0x0000000008000902                HardFault_Handler
 .text.MemManage_Handler
                0x0000000008000908        0x6 ./Core/Src/stm32f7xx_it.o
                0x0000000008000908                MemManage_Handler
 .text.BusFault_Handler
                0x000000000800090e        0x6 ./Core/Src/stm32f7xx_it.o
                0x000000000800090e                BusFault_Handler
 .text.UsageFault_Handler
                0x0000000008000914        0x6 ./Core/Src/stm32f7xx_it.o
                0x0000000008000914                UsageFault_Handler
 .text.DebugMon_Handler
                0x000000000800091a        0xe ./Core/Src/stm32f7xx_it.o
                0x000000000800091a                DebugMon_Handler
 .text.TIM1_UP_TIM10_IRQHandler
                0x0000000008000928       0x14 ./Core/Src/stm32f7xx_it.o
                0x0000000008000928                TIM1_UP_TIM10_IRQHandler
 .text.OTG_FS_IRQHandler
                0x000000000800093c       0x14 ./Core/Src/stm32f7xx_it.o
                0x000000000800093c                OTG_FS_IRQHandler
 .text._sbrk    0x0000000008000950       0x6c ./Core/Src/sysmem.o
                0x0000000008000950                _sbrk
 .text.SystemInit
                0x00000000080009bc       0x24 ./Core/Src/system_stm32f7xx.o
                0x00000000080009bc                SystemInit
 .text.Start_UARTrx_tasks
                0x00000000080009e0       0xa8 ./Core/Src/tasks_manager.o
                0x00000000080009e0                Start_UARTrx_tasks
 .text.timerCB  0x0000000008000a88       0x94 ./Core/Src/tasks_manager.o
 .text.vScanChannelsTask
                0x0000000008000b1c       0x10 ./Core/Src/tasks_manager.o
 .text.vAccDastaJoinerTask
                0x0000000008000b2c      0x1a8 ./Core/Src/tasks_manager.o
 .text.Start_USB_cmd_tasks
                0x0000000008000cd4       0x60 ./Core/Src/usb_tasks.o
                0x0000000008000cd4                Start_USB_cmd_tasks
 .text.vCmdDataProcessTask
                0x0000000008000d34       0x94 ./Core/Src/usb_tasks.o
 .text.txBroadcast_stopSensorRd
                0x0000000008000dc8       0x40 ./Core/Src/usb_tasks.o
 .text.txBroadcast_getSensorID
                0x0000000008000e08       0x5c ./Core/Src/usb_tasks.o
 .text.txBroadcast_startA3rs
                0x0000000008000e64       0x60 ./Core/Src/usb_tasks.o
 .text.Reset_Handler
                0x0000000008000ec4       0x50 ./Core/Startup/startup_stm32f746zgtx.o
                0x0000000008000ec4                Reset_Handler
 .text.Default_Handler
                0x0000000008000f14        0x2 ./Core/Startup/startup_stm32f746zgtx.o
                0x0000000008000f14                RTC_Alarm_IRQHandler
                0x0000000008000f14                EXTI2_IRQHandler
                0x0000000008000f14                TIM8_CC_IRQHandler
                0x0000000008000f14                UART8_IRQHandler
                0x0000000008000f14                SPI4_IRQHandler
                0x0000000008000f14                TIM1_CC_IRQHandler
                0x0000000008000f14                DMA2_Stream5_IRQHandler
                0x0000000008000f14                DMA1_Stream5_IRQHandler
                0x0000000008000f14                PVD_IRQHandler
                0x0000000008000f14                TAMP_STAMP_IRQHandler
                0x0000000008000f14                CAN2_RX1_IRQHandler
                0x0000000008000f14                EXTI3_IRQHandler
                0x0000000008000f14                TIM8_TRG_COM_TIM14_IRQHandler
                0x0000000008000f14                TIM8_UP_TIM13_IRQHandler
                0x0000000008000f14                I2C3_ER_IRQHandler
                0x0000000008000f14                EXTI0_IRQHandler
                0x0000000008000f14                I2C2_EV_IRQHandler
                0x0000000008000f14                DMA1_Stream2_IRQHandler
                0x0000000008000f14                CAN1_RX0_IRQHandler
                0x0000000008000f14                FPU_IRQHandler
                0x0000000008000f14                OTG_HS_WKUP_IRQHandler
                0x0000000008000f14                LTDC_ER_IRQHandler
                0x0000000008000f14                CAN2_SCE_IRQHandler
                0x0000000008000f14                DMA2_Stream2_IRQHandler
                0x0000000008000f14                SPI1_IRQHandler
                0x0000000008000f14                TIM6_DAC_IRQHandler
                0x0000000008000f14                TIM1_BRK_TIM9_IRQHandler
                0x0000000008000f14                DCMI_IRQHandler
                0x0000000008000f14                CAN2_RX0_IRQHandler
                0x0000000008000f14                DMA2_Stream3_IRQHandler
                0x0000000008000f14                SAI2_IRQHandler
                0x0000000008000f14                USART6_IRQHandler
                0x0000000008000f14                USART3_IRQHandler
                0x0000000008000f14                CAN1_RX1_IRQHandler
                0x0000000008000f14                UART5_IRQHandler
                0x0000000008000f14                DMA2_Stream0_IRQHandler
                0x0000000008000f14                TIM4_IRQHandler
                0x0000000008000f14                QUADSPI_IRQHandler
                0x0000000008000f14                I2C1_EV_IRQHandler
                0x0000000008000f14                DMA1_Stream6_IRQHandler
                0x0000000008000f14                DMA1_Stream1_IRQHandler
                0x0000000008000f14                UART4_IRQHandler
                0x0000000008000f14                TIM3_IRQHandler
                0x0000000008000f14                RCC_IRQHandler
                0x0000000008000f14                TIM8_BRK_TIM12_IRQHandler
                0x0000000008000f14                Default_Handler
                0x0000000008000f14                CEC_IRQHandler
                0x0000000008000f14                EXTI15_10_IRQHandler
                0x0000000008000f14                ADC_IRQHandler
                0x0000000008000f14                DMA1_Stream7_IRQHandler
                0x0000000008000f14                SPI5_IRQHandler
                0x0000000008000f14                TIM7_IRQHandler
                0x0000000008000f14                SDMMC1_IRQHandler
                0x0000000008000f14                CAN2_TX_IRQHandler
                0x0000000008000f14                TIM5_IRQHandler
                0x0000000008000f14                DMA2_Stream7_IRQHandler
                0x0000000008000f14                I2C3_EV_IRQHandler
                0x0000000008000f14                EXTI9_5_IRQHandler
                0x0000000008000f14                RTC_WKUP_IRQHandler
                0x0000000008000f14                LTDC_IRQHandler
                0x0000000008000f14                ETH_WKUP_IRQHandler
                0x0000000008000f14                SPDIF_RX_IRQHandler
                0x0000000008000f14                SPI2_IRQHandler
                0x0000000008000f14                OTG_HS_EP1_IN_IRQHandler
                0x0000000008000f14                DMA1_Stream0_IRQHandler
                0x0000000008000f14                CAN1_TX_IRQHandler
                0x0000000008000f14                EXTI4_IRQHandler
                0x0000000008000f14                RNG_IRQHandler
                0x0000000008000f14                ETH_IRQHandler
                0x0000000008000f14                OTG_HS_EP1_OUT_IRQHandler
                0x0000000008000f14                WWDG_IRQHandler
                0x0000000008000f14                SPI6_IRQHandler
                0x0000000008000f14                I2C4_EV_IRQHandler
                0x0000000008000f14                TIM2_IRQHandler
                0x0000000008000f14                OTG_FS_WKUP_IRQHandler
                0x0000000008000f14                TIM1_TRG_COM_TIM11_IRQHandler
                0x0000000008000f14                OTG_HS_IRQHandler
                0x0000000008000f14                DMA2D_IRQHandler
                0x0000000008000f14                EXTI1_IRQHandler
                0x0000000008000f14                UART7_IRQHandler
                0x0000000008000f14                USART2_IRQHandler
                0x0000000008000f14                I2C2_ER_IRQHandler
                0x0000000008000f14                DMA2_Stream1_IRQHandler
                0x0000000008000f14                CAN1_SCE_IRQHandler
                0x0000000008000f14                FLASH_IRQHandler
                0x0000000008000f14                DMA2_Stream4_IRQHandler
                0x0000000008000f14                USART1_IRQHandler
                0x0000000008000f14                SPI3_IRQHandler
                0x0000000008000f14                DMA1_Stream4_IRQHandler
                0x0000000008000f14                I2C1_ER_IRQHandler
                0x0000000008000f14                FMC_IRQHandler
                0x0000000008000f14                LPTIM1_IRQHandler
                0x0000000008000f14                I2C4_ER_IRQHandler
                0x0000000008000f14                DMA2_Stream6_IRQHandler
                0x0000000008000f14                SAI1_IRQHandler
                0x0000000008000f14                DMA1_Stream3_IRQHandler
 .text.HAL_Init
                0x0000000008000f16       0x1a ./Drivers/STM32F7xx_HAL_Driver/Src/stm32f7xx_hal.o
                0x0000000008000f16                HAL_Init
 .text.HAL_IncTick
                0x0000000008000f30       0x28 ./Drivers/STM32F7xx_HAL_Driver/Src/stm32f7xx_hal.o
                0x0000000008000f30                HAL_IncTick
 .text.HAL_GetTick
                0x0000000008000f58       0x18 ./Drivers/STM32F7xx_HAL_Driver/Src/stm32f7xx_hal.o
                0x0000000008000f58                HAL_GetTick
 .text.HAL_Delay
                0x0000000008000f70       0x48 ./Drivers/STM32F7xx_HAL_Driver/Src/stm32f7xx_hal.o
                0x0000000008000f70                HAL_Delay
 .text.__NVIC_SetPriorityGrouping
                0x0000000008000fb8       0x48 ./Drivers/STM32F7xx_HAL_Driver/Src/stm32f7xx_hal_cortex.o
 .text.__NVIC_GetPriorityGrouping
                0x0000000008001000       0x1c ./Drivers/STM32F7xx_HAL_Driver/Src/stm32f7xx_hal_cortex.o
 .text.__NVIC_EnableIRQ
                0x000000000800101c       0x3c ./Drivers/STM32F7xx_HAL_Driver/Src/stm32f7xx_hal_cortex.o
 .text.__NVIC_SetPriority
                0x0000000008001058       0x54 ./Drivers/STM32F7xx_HAL_Driver/Src/stm32f7xx_hal_cortex.o
 .text.NVIC_EncodePriority
                0x00000000080010ac       0x66 ./Drivers/STM32F7xx_HAL_Driver/Src/stm32f7xx_hal_cortex.o
 .text.HAL_NVIC_SetPriorityGrouping
                0x0000000008001112       0x16 ./Drivers/STM32F7xx_HAL_Driver/Src/stm32f7xx_hal_cortex.o
                0x0000000008001112                HAL_NVIC_SetPriorityGrouping
 .text.HAL_NVIC_SetPriority
                0x0000000008001128       0x38 ./Drivers/STM32F7xx_HAL_Driver/Src/stm32f7xx_hal_cortex.o
                0x0000000008001128                HAL_NVIC_SetPriority
 .text.HAL_NVIC_EnableIRQ
                0x0000000008001160       0x1c ./Drivers/STM32F7xx_HAL_Driver/Src/stm32f7xx_hal_cortex.o
                0x0000000008001160                HAL_NVIC_EnableIRQ
 .text.HAL_CRC_Init
                0x000000000800117c       0xc8 ./Drivers/STM32F7xx_HAL_Driver/Src/stm32f7xx_hal_crc.o
                0x000000000800117c                HAL_CRC_Init
 .text.HAL_CRC_Calculate
                0x0000000008001244       0x98 ./Drivers/STM32F7xx_HAL_Driver/Src/stm32f7xx_hal_crc.o
                0x0000000008001244                HAL_CRC_Calculate
 .text.CRC_Handle_8
                0x00000000080012dc      0x11c ./Drivers/STM32F7xx_HAL_Driver/Src/stm32f7xx_hal_crc.o
 .text.CRC_Handle_16
                0x00000000080013f8       0x74 ./Drivers/STM32F7xx_HAL_Driver/Src/stm32f7xx_hal_crc.o
 .text.HAL_CRCEx_Polynomial_Set
                0x000000000800146c      0x10c ./Drivers/STM32F7xx_HAL_Driver/Src/stm32f7xx_hal_crc_ex.o
                0x000000000800146c                HAL_CRCEx_Polynomial_Set
 .text.HAL_GPIO_Init
                0x0000000008001578      0x358 ./Drivers/STM32F7xx_HAL_Driver/Src/stm32f7xx_hal_gpio.o
                0x0000000008001578                HAL_GPIO_Init
 .text.HAL_GPIO_WritePin
                0x00000000080018d0       0x32 ./Drivers/STM32F7xx_HAL_Driver/Src/stm32f7xx_hal_gpio.o
                0x00000000080018d0                HAL_GPIO_WritePin
 .text.HAL_PCD_Init
                0x0000000008001902      0x248 ./Drivers/STM32F7xx_HAL_Driver/Src/stm32f7xx_hal_pcd.o
                0x0000000008001902                HAL_PCD_Init
 .text.HAL_PCD_Start
                0x0000000008001b4a       0x44 ./Drivers/STM32F7xx_HAL_Driver/Src/stm32f7xx_hal_pcd.o
                0x0000000008001b4a                HAL_PCD_Start
 .text.HAL_PCD_IRQHandler
                0x0000000008001b8e      0x79e ./Drivers/STM32F7xx_HAL_Driver/Src/stm32f7xx_hal_pcd.o
                0x0000000008001b8e                HAL_PCD_IRQHandler
 .text.HAL_PCD_SetAddress
                0x000000000800232c       0x4a ./Drivers/STM32F7xx_HAL_Driver/Src/stm32f7xx_hal_pcd.o
                0x000000000800232c                HAL_PCD_SetAddress
 .text.HAL_PCD_EP_Open
                0x0000000008002376       0xd0 ./Drivers/STM32F7xx_HAL_Driver/Src/stm32f7xx_hal_pcd.o
                0x0000000008002376                HAL_PCD_EP_Open
 .text.HAL_PCD_EP_Close
                0x0000000008002446       0x94 ./Drivers/STM32F7xx_HAL_Driver/Src/stm32f7xx_hal_pcd.o
                0x0000000008002446                HAL_PCD_EP_Close
 .text.HAL_PCD_EP_Receive
                0x00000000080024da       0x96 ./Drivers/STM32F7xx_HAL_Driver/Src/stm32f7xx_hal_pcd.o
                0x00000000080024da                HAL_PCD_EP_Receive
 .text.HAL_PCD_EP_GetRxCount
                0x0000000008002570       0x30 ./Drivers/STM32F7xx_HAL_Driver/Src/stm32f7xx_hal_pcd.o
                0x0000000008002570                HAL_PCD_EP_GetRxCount
 .text.HAL_PCD_EP_Transmit
                0x00000000080025a0       0x94 ./Drivers/STM32F7xx_HAL_Driver/Src/stm32f7xx_hal_pcd.o
                0x00000000080025a0                HAL_PCD_EP_Transmit
 .text.HAL_PCD_EP_SetStall
                0x0000000008002634       0xc8 ./Drivers/STM32F7xx_HAL_Driver/Src/stm32f7xx_hal_pcd.o
                0x0000000008002634                HAL_PCD_EP_SetStall
 .text.HAL_PCD_EP_ClrStall
                0x00000000080026fc       0xac ./Drivers/STM32F7xx_HAL_Driver/Src/stm32f7xx_hal_pcd.o
                0x00000000080026fc                HAL_PCD_EP_ClrStall
 .text.PCD_WriteEmptyTxFifo
                0x00000000080027a8      0x11a ./Drivers/STM32F7xx_HAL_Driver/Src/stm32f7xx_hal_pcd.o
 *fill*         0x00000000080028c2        0x2 
 .text.PCD_EP_OutXfrComplete_int
                0x00000000080028c4      0x218 ./Drivers/STM32F7xx_HAL_Driver/Src/stm32f7xx_hal_pcd.o
 .text.PCD_EP_OutSetupPacket_int
                0x0000000008002adc       0x8c ./Drivers/STM32F7xx_HAL_Driver/Src/stm32f7xx_hal_pcd.o
 .text.HAL_PCDEx_SetTxFiFo
                0x0000000008002b68       0x8e ./Drivers/STM32F7xx_HAL_Driver/Src/stm32f7xx_hal_pcd_ex.o
                0x0000000008002b68                HAL_PCDEx_SetTxFiFo
 .text.HAL_PCDEx_SetRxFiFo
                0x0000000008002bf6       0x22 ./Drivers/STM32F7xx_HAL_Driver/Src/stm32f7xx_hal_pcd_ex.o
                0x0000000008002bf6                HAL_PCDEx_SetRxFiFo
 .text.HAL_PCDEx_ActivateLPM
                0x0000000008002c18       0x48 ./Drivers/STM32F7xx_HAL_Driver/Src/stm32f7xx_hal_pcd_ex.o
                0x0000000008002c18                HAL_PCDEx_ActivateLPM
 .text.HAL_PWREx_EnableOverDrive
                0x0000000008002c60       0xa0 ./Drivers/STM32F7xx_HAL_Driver/Src/stm32f7xx_hal_pwr_ex.o
                0x0000000008002c60                HAL_PWREx_EnableOverDrive
 .text.HAL_RCC_OscConfig
                0x0000000008002d00      0x548 ./Drivers/STM32F7xx_HAL_Driver/Src/stm32f7xx_hal_rcc.o
                0x0000000008002d00                HAL_RCC_OscConfig
 .text.HAL_RCC_ClockConfig
                0x0000000008003248      0x1d8 ./Drivers/STM32F7xx_HAL_Driver/Src/stm32f7xx_hal_rcc.o
                0x0000000008003248                HAL_RCC_ClockConfig
 .text.HAL_RCC_GetSysClockFreq
                0x0000000008003420      0x20c ./Drivers/STM32F7xx_HAL_Driver/Src/stm32f7xx_hal_rcc.o
                0x0000000008003420                HAL_RCC_GetSysClockFreq
 .text.HAL_RCC_GetHCLKFreq
                0x000000000800362c       0x18 ./Drivers/STM32F7xx_HAL_Driver/Src/stm32f7xx_hal_rcc.o
                0x000000000800362c                HAL_RCC_GetHCLKFreq
 .text.HAL_RCC_GetPCLK2Freq
                0x0000000008003644       0x28 ./Drivers/STM32F7xx_HAL_Driver/Src/stm32f7xx_hal_rcc.o
                0x0000000008003644                HAL_RCC_GetPCLK2Freq
 .text.HAL_RCC_GetClockConfig
                0x000000000800366c       0x64 ./Drivers/STM32F7xx_HAL_Driver/Src/stm32f7xx_hal_rcc.o
                0x000000000800366c                HAL_RCC_GetClockConfig
 .text.HAL_RCCEx_PeriphCLKConfig
                0x00000000080036d0      0x7e0 ./Drivers/STM32F7xx_HAL_Driver/Src/stm32f7xx_hal_rcc_ex.o
                0x00000000080036d0                HAL_RCCEx_PeriphCLKConfig
 .text.HAL_TIM_Base_Init
                0x0000000008003eb0       0xae ./Drivers/STM32F7xx_HAL_Driver/Src/stm32f7xx_hal_tim.o
                0x0000000008003eb0                HAL_TIM_Base_Init
 .text.HAL_TIM_Base_MspInit
                0x0000000008003f5e       0x14 ./Drivers/STM32F7xx_HAL_Driver/Src/stm32f7xx_hal_tim.o
                0x0000000008003f5e                HAL_TIM_Base_MspInit
 *fill*         0x0000000008003f72        0x2 
 .text.HAL_TIM_Base_Start_IT
                0x0000000008003f74       0xf0 ./Drivers/STM32F7xx_HAL_Driver/Src/stm32f7xx_hal_tim.o
                0x0000000008003f74                HAL_TIM_Base_Start_IT
 .text.HAL_TIM_IRQHandler
                0x0000000008004064      0x23e ./Drivers/STM32F7xx_HAL_Driver/Src/stm32f7xx_hal_tim.o
                0x0000000008004064                HAL_TIM_IRQHandler
 .text.HAL_TIM_OC_DelayElapsedCallback
                0x00000000080042a2       0x14 ./Drivers/STM32F7xx_HAL_Driver/Src/stm32f7xx_hal_tim.o
                0x00000000080042a2                HAL_TIM_OC_DelayElapsedCallback
 .text.HAL_TIM_IC_CaptureCallback
                0x00000000080042b6       0x14 ./Drivers/STM32F7xx_HAL_Driver/Src/stm32f7xx_hal_tim.o
                0x00000000080042b6                HAL_TIM_IC_CaptureCallback
 .text.HAL_TIM_PWM_PulseFinishedCallback
                0x00000000080042ca       0x14 ./Drivers/STM32F7xx_HAL_Driver/Src/stm32f7xx_hal_tim.o
                0x00000000080042ca                HAL_TIM_PWM_PulseFinishedCallback
 .text.HAL_TIM_TriggerCallback
                0x00000000080042de       0x14 ./Drivers/STM32F7xx_HAL_Driver/Src/stm32f7xx_hal_tim.o
                0x00000000080042de                HAL_TIM_TriggerCallback
 *fill*         0x00000000080042f2        0x2 
 .text.TIM_Base_SetConfig
                0x00000000080042f4      0x140 ./Drivers/STM32F7xx_HAL_Driver/Src/stm32f7xx_hal_tim.o
                0x00000000080042f4                TIM_Base_SetConfig
 .text.HAL_TIMEx_CommutCallback
                0x0000000008004434       0x14 ./Drivers/STM32F7xx_HAL_Driver/Src/stm32f7xx_hal_tim_ex.o
                0x0000000008004434                HAL_TIMEx_CommutCallback
 .text.HAL_TIMEx_BreakCallback
                0x0000000008004448       0x14 ./Drivers/STM32F7xx_HAL_Driver/Src/stm32f7xx_hal_tim_ex.o
                0x0000000008004448                HAL_TIMEx_BreakCallback
 .text.HAL_TIMEx_Break2Callback
                0x000000000800445c       0x14 ./Drivers/STM32F7xx_HAL_Driver/Src/stm32f7xx_hal_tim_ex.o
                0x000000000800445c                HAL_TIMEx_Break2Callback
 .text.USB_CoreInit
                0x0000000008004470       0xb0 ./Drivers/STM32F7xx_HAL_Driver/Src/stm32f7xx_ll_usb.o
                0x0000000008004470                USB_CoreInit
 .text.USB_SetTurnaroundTime
                0x0000000008004520      0x144 ./Drivers/STM32F7xx_HAL_Driver/Src/stm32f7xx_ll_usb.o
                0x0000000008004520                USB_SetTurnaroundTime
 .text.USB_EnableGlobalInt
                0x0000000008004664       0x22 ./Drivers/STM32F7xx_HAL_Driver/Src/stm32f7xx_ll_usb.o
                0x0000000008004664                USB_EnableGlobalInt
 .text.USB_DisableGlobalInt
                0x0000000008004686       0x22 ./Drivers/STM32F7xx_HAL_Driver/Src/stm32f7xx_ll_usb.o
                0x0000000008004686                USB_DisableGlobalInt
 .text.USB_SetCurrentMode
                0x00000000080046a8       0x98 ./Drivers/STM32F7xx_HAL_Driver/Src/stm32f7xx_ll_usb.o
                0x00000000080046a8                USB_SetCurrentMode
 .text.USB_DevInit
                0x0000000008004740      0x2bc ./Drivers/STM32F7xx_HAL_Driver/Src/stm32f7xx_ll_usb.o
                0x0000000008004740                USB_DevInit
 .text.USB_FlushTxFifo
                0x00000000080049fc       0x64 ./Drivers/STM32F7xx_HAL_Driver/Src/stm32f7xx_ll_usb.o
                0x00000000080049fc                USB_FlushTxFifo
 .text.USB_FlushRxFifo
                0x0000000008004a60       0x5c ./Drivers/STM32F7xx_HAL_Driver/Src/stm32f7xx_ll_usb.o
                0x0000000008004a60                USB_FlushRxFifo
 .text.USB_SetDevSpeed
                0x0000000008004abc       0x32 ./Drivers/STM32F7xx_HAL_Driver/Src/stm32f7xx_ll_usb.o
                0x0000000008004abc                USB_SetDevSpeed
 .text.USB_GetDevSpeed
                0x0000000008004aee       0x4a ./Drivers/STM32F7xx_HAL_Driver/Src/stm32f7xx_ll_usb.o
                0x0000000008004aee                USB_GetDevSpeed
 .text.USB_ActivateEndpoint
                0x0000000008004b38      0x110 ./Drivers/STM32F7xx_HAL_Driver/Src/stm32f7xx_ll_usb.o
                0x0000000008004b38                USB_ActivateEndpoint
 .text.USB_DeactivateEndpoint
                0x0000000008004c48      0x1b8 ./Drivers/STM32F7xx_HAL_Driver/Src/stm32f7xx_ll_usb.o
                0x0000000008004c48                USB_DeactivateEndpoint
 .text.USB_EPStartXfer
                0x0000000008004e00      0x498 ./Drivers/STM32F7xx_HAL_Driver/Src/stm32f7xx_ll_usb.o
                0x0000000008004e00                USB_EPStartXfer
 .text.USB_EP0StartXfer
                0x0000000008005298      0x2b0 ./Drivers/STM32F7xx_HAL_Driver/Src/stm32f7xx_ll_usb.o
                0x0000000008005298                USB_EP0StartXfer
 .text.USB_WritePacket
                0x0000000008005548       0x7c ./Drivers/STM32F7xx_HAL_Driver/Src/stm32f7xx_ll_usb.o
                0x0000000008005548                USB_WritePacket
 .text.USB_ReadPacket
                0x00000000080055c4       0xb0 ./Drivers/STM32F7xx_HAL_Driver/Src/stm32f7xx_ll_usb.o
                0x00000000080055c4                USB_ReadPacket
 .text.USB_EPSetStall
                0x0000000008005674       0xdc ./Drivers/STM32F7xx_HAL_Driver/Src/stm32f7xx_ll_usb.o
                0x0000000008005674                USB_EPSetStall
 .text.USB_EPClearStall
                0x0000000008005750       0xcc ./Drivers/STM32F7xx_HAL_Driver/Src/stm32f7xx_ll_usb.o
                0x0000000008005750                USB_EPClearStall
 .text.USB_SetDevAddress
                0x000000000800581c       0x4c ./Drivers/STM32F7xx_HAL_Driver/Src/stm32f7xx_ll_usb.o
                0x000000000800581c                USB_SetDevAddress
 .text.USB_DevConnect
                0x0000000008005868       0x42 ./Drivers/STM32F7xx_HAL_Driver/Src/stm32f7xx_ll_usb.o
                0x0000000008005868                USB_DevConnect
 .text.USB_DevDisconnect
                0x00000000080058aa       0x42 ./Drivers/STM32F7xx_HAL_Driver/Src/stm32f7xx_ll_usb.o
                0x00000000080058aa                USB_DevDisconnect
 .text.USB_ReadInterrupts
                0x00000000080058ec       0x26 ./Drivers/STM32F7xx_HAL_Driver/Src/stm32f7xx_ll_usb.o
                0x00000000080058ec                USB_ReadInterrupts
 .text.USB_ReadDevAllOutEpInterrupt
                0x0000000008005912       0x34 ./Drivers/STM32F7xx_HAL_Driver/Src/stm32f7xx_ll_usb.o
                0x0000000008005912                USB_ReadDevAllOutEpInterrupt
 .text.USB_ReadDevAllInEpInterrupt
                0x0000000008005946       0x34 ./Drivers/STM32F7xx_HAL_Driver/Src/stm32f7xx_ll_usb.o
                0x0000000008005946                USB_ReadDevAllInEpInterrupt
 .text.USB_ReadDevOutEPInterrupt
                0x000000000800597a       0x3c ./Drivers/STM32F7xx_HAL_Driver/Src/stm32f7xx_ll_usb.o
                0x000000000800597a                USB_ReadDevOutEPInterrupt
 .text.USB_ReadDevInEPInterrupt
                0x00000000080059b6       0x5c ./Drivers/STM32F7xx_HAL_Driver/Src/stm32f7xx_ll_usb.o
                0x00000000080059b6                USB_ReadDevInEPInterrupt
 .text.USB_GetMode
                0x0000000008005a12       0x1c ./Drivers/STM32F7xx_HAL_Driver/Src/stm32f7xx_ll_usb.o
                0x0000000008005a12                USB_GetMode
 *fill*         0x0000000008005a2e        0x2 
 .text.USB_ActivateSetup
                0x0000000008005a30       0x48 ./Drivers/STM32F7xx_HAL_Driver/Src/stm32f7xx_ll_usb.o
                0x0000000008005a30                USB_ActivateSetup
 .text.USB_EP0_OutStart
                0x0000000008005a78       0xbc ./Drivers/STM32F7xx_HAL_Driver/Src/stm32f7xx_ll_usb.o
                0x0000000008005a78                USB_EP0_OutStart
 .text.USB_CoreReset
                0x0000000008005b34       0x64 ./Drivers/STM32F7xx_HAL_Driver/Src/stm32f7xx_ll_usb.o
 .text.vListInitialise
                0x0000000008005b98       0x40 ./Middlewares/FREERTOS/list.o
                0x0000000008005b98                vListInitialise
 .text.vListInitialiseItem
                0x0000000008005bd8       0x1a ./Middlewares/FREERTOS/list.o
                0x0000000008005bd8                vListInitialiseItem
 .text.vListInsertEnd
                0x0000000008005bf2       0x48 ./Middlewares/FREERTOS/list.o
                0x0000000008005bf2                vListInsertEnd
 .text.vListInsert
                0x0000000008005c3a       0x72 ./Middlewares/FREERTOS/list.o
                0x0000000008005c3a                vListInsert
 .text.uxListRemove
                0x0000000008005cac       0x54 ./Middlewares/FREERTOS/list.o
                0x0000000008005cac                uxListRemove
 .text.xQueueGenericReset
                0x0000000008005d00      0x128 ./Middlewares/FREERTOS/queue.o
                0x0000000008005d00                xQueueGenericReset
 .text.xQueueGenericCreate
                0x0000000008005e28       0xa0 ./Middlewares/FREERTOS/queue.o
                0x0000000008005e28                xQueueGenericCreate
 .text.prvInitialiseNewQueue
                0x0000000008005ec8       0x3e ./Middlewares/FREERTOS/queue.o
 *fill*         0x0000000008005f06        0x2 
 .text.xQueueGenericSend
                0x0000000008005f08      0x20c ./Middlewares/FREERTOS/queue.o
                0x0000000008005f08                xQueueGenericSend
 .text.xQueueGenericSendFromISR
                0x0000000008006114      0x168 ./Middlewares/FREERTOS/queue.o
                0x0000000008006114                xQueueGenericSendFromISR
 .text.xQueueReceive
                0x000000000800627c      0x1cc ./Middlewares/FREERTOS/queue.o
                0x000000000800627c                xQueueReceive
 .text.prvCopyDataToQueue
                0x0000000008006448       0xd4 ./Middlewares/FREERTOS/queue.o
 .text.prvCopyDataFromQueue
                0x000000000800651c       0x4c ./Middlewares/FREERTOS/queue.o
 .text.prvUnlockQueue
                0x0000000008006568       0xa4 ./Middlewares/FREERTOS/queue.o
 .text.prvIsQueueEmpty
                0x000000000800660c       0x2c ./Middlewares/FREERTOS/queue.o
 .text.prvIsQueueFull
                0x0000000008006638       0x30 ./Middlewares/FREERTOS/queue.o
 .text.vQueueAddToRegistry
                0x0000000008006668       0xa0 ./Middlewares/FREERTOS/queue.o
                0x0000000008006668                vQueueAddToRegistry
 .text.vQueueWaitForMessageRestricted
                0x0000000008006708       0x68 ./Middlewares/FREERTOS/queue.o
                0x0000000008006708                vQueueWaitForMessageRestricted
 .text.xTaskCreate
                0x0000000008006770       0x82 ./Middlewares/FREERTOS/tasks.o
                0x0000000008006770                xTaskCreate
 .text.prvInitialiseNewTask
                0x00000000080067f2      0x140 ./Middlewares/FREERTOS/tasks.o
 *fill*         0x0000000008006932        0x2 
 .text.prvAddNewTaskToReadyList
                0x0000000008006934      0x124 ./Middlewares/FREERTOS/tasks.o
 .text.vTaskDelay
                0x0000000008006a58       0x6c ./Middlewares/FREERTOS/tasks.o
                0x0000000008006a58                vTaskDelay
 .text.vTaskSuspend
                0x0000000008006ac4      0x144 ./Middlewares/FREERTOS/tasks.o
                0x0000000008006ac4                vTaskSuspend
 .text.prvTaskIsTaskSuspended
                0x0000000008006c08       0x68 ./Middlewares/FREERTOS/tasks.o
 .text.vTaskResume
                0x0000000008006c70      0x110 ./Middlewares/FREERTOS/tasks.o
                0x0000000008006c70                vTaskResume
 .text.vTaskStartScheduler
                0x0000000008006d80       0xac ./Middlewares/FREERTOS/tasks.o
                0x0000000008006d80                vTaskStartScheduler
 .text.vTaskSuspendAll
                0x0000000008006e2c       0x1c ./Middlewares/FREERTOS/tasks.o
                0x0000000008006e2c                vTaskSuspendAll
 .text.xTaskResumeAll
                0x0000000008006e48      0x1fc ./Middlewares/FREERTOS/tasks.o
                0x0000000008006e48                xTaskResumeAll
 .text.xTaskGetTickCount
                0x0000000008007044       0x20 ./Middlewares/FREERTOS/tasks.o
                0x0000000008007044                xTaskGetTickCount
 .text.xTaskIncrementTick
                0x0000000008007064      0x230 ./Middlewares/FREERTOS/tasks.o
                0x0000000008007064                xTaskIncrementTick
 .text.vTaskSwitchContext
                0x0000000008007294       0xbc ./Middlewares/FREERTOS/tasks.o
                0x0000000008007294                vTaskSwitchContext
 .text.vTaskPlaceOnEventList
                0x0000000008007350       0x4c ./Middlewares/FREERTOS/tasks.o
                0x0000000008007350                vTaskPlaceOnEventList
 .text.vTaskPlaceOnEventListRestricted
                0x000000000800739c       0x90 ./Middlewares/FREERTOS/tasks.o
                0x000000000800739c                vTaskPlaceOnEventListRestricted
 .text.xTaskRemoveFromEventList
                0x000000000800742c      0x1b0 ./Middlewares/FREERTOS/tasks.o
                0x000000000800742c                xTaskRemoveFromEventList
 .text.vTaskInternalSetTimeOutState
                0x00000000080075dc       0x2c ./Middlewares/FREERTOS/tasks.o
                0x00000000080075dc                vTaskInternalSetTimeOutState
 .text.xTaskCheckForTimeOut
                0x0000000008007608       0xd4 ./Middlewares/FREERTOS/tasks.o
                0x0000000008007608                xTaskCheckForTimeOut
 .text.vTaskMissedYield
                0x00000000080076dc       0x18 ./Middlewares/FREERTOS/tasks.o
                0x00000000080076dc                vTaskMissedYield
 .text.prvIdleTask
                0x00000000080076f4       0x30 ./Middlewares/FREERTOS/tasks.o
 .text.prvInitialiseTaskLists
                0x0000000008007724       0x80 ./Middlewares/FREERTOS/tasks.o
 .text.prvCheckTasksWaitingTermination
                0x00000000080077a4       0x5c ./Middlewares/FREERTOS/tasks.o
 .text.prvDeleteTCB
                0x0000000008007800       0x20 ./Middlewares/FREERTOS/tasks.o
 .text.prvResetNextTaskUnblockTime
                0x0000000008007820       0x38 ./Middlewares/FREERTOS/tasks.o
 .text.xTaskGetSchedulerState
                0x0000000008007858       0x3c ./Middlewares/FREERTOS/tasks.o
                0x0000000008007858                xTaskGetSchedulerState
 .text.xTaskPriorityDisinherit
                0x0000000008007894      0x150 ./Middlewares/FREERTOS/tasks.o
                0x0000000008007894                xTaskPriorityDisinherit
 .text.prvAddCurrentTaskToDelayedList
                0x00000000080079e4      0x100 ./Middlewares/FREERTOS/tasks.o
 .text.xTimerCreateTimerTask
                0x0000000008007ae4       0x68 ./Middlewares/FREERTOS/timers.o
                0x0000000008007ae4                xTimerCreateTimerTask
 .text.xTimerCreate
                0x0000000008007b4c       0x42 ./Middlewares/FREERTOS/timers.o
                0x0000000008007b4c                xTimerCreate
 .text.prvInitialiseNewTimer
                0x0000000008007b8e       0x74 ./Middlewares/FREERTOS/timers.o
 *fill*         0x0000000008007c02        0x2 
 .text.xTimerGenericCommand
                0x0000000008007c04       0xa0 ./Middlewares/FREERTOS/timers.o
                0x0000000008007c04                xTimerGenericCommand
 .text.prvReloadTimer
                0x0000000008007ca4       0x42 ./Middlewares/FREERTOS/timers.o
 *fill*         0x0000000008007ce6        0x2 
 .text.prvProcessExpiredTimer
                0x0000000008007ce8       0x60 ./Middlewares/FREERTOS/timers.o
 .text.prvTimerTask
                0x0000000008007d48       0x24 ./Middlewares/FREERTOS/timers.o
 .text.prvProcessTimerOrBlockTask
                0x0000000008007d6c       0x9c ./Middlewares/FREERTOS/timers.o
 .text.prvGetNextExpireTime
                0x0000000008007e08       0x48 ./Middlewares/FREERTOS/timers.o
 .text.prvSampleTimeNow
                0x0000000008007e50       0x40 ./Middlewares/FREERTOS/timers.o
 .text.prvInsertTimerInActiveList
                0x0000000008007e90       0x84 ./Middlewares/FREERTOS/timers.o
 .text.prvProcessReceivedCommands
                0x0000000008007f14      0x180 ./Middlewares/FREERTOS/timers.o
 .text.prvSwitchTimerLists
                0x0000000008008094       0x4c ./Middlewares/FREERTOS/timers.o
 .text.prvCheckForValidListAndQueue
                0x00000000080080e0       0x6c ./Middlewares/FREERTOS/timers.o
 .text.pxPortInitialiseStack
                0x000000000800814c       0x68 ./Middlewares/FREERTOS/portable/GCC/ARM_CM7/r0p1/port.o
                0x000000000800814c                pxPortInitialiseStack
 .text.prvTaskExitError
                0x00000000080081b4       0x60 ./Middlewares/FREERTOS/portable/GCC/ARM_CM7/r0p1/port.o
 *fill*         0x0000000008008214        0xc 
 .text.SVC_Handler
                0x0000000008008220       0x28 ./Middlewares/FREERTOS/portable/GCC/ARM_CM7/r0p1/port.o
                0x0000000008008220                SVC_Handler
 .text.prvPortStartFirstTask
                0x0000000008008248       0x2c ./Middlewares/FREERTOS/portable/GCC/ARM_CM7/r0p1/port.o
 .text.xPortStartScheduler
                0x0000000008008274       0xfc ./Middlewares/FREERTOS/portable/GCC/ARM_CM7/r0p1/port.o
                0x0000000008008274                xPortStartScheduler
 .text.vPortEnterCritical
                0x0000000008008370       0x68 ./Middlewares/FREERTOS/portable/GCC/ARM_CM7/r0p1/port.o
                0x0000000008008370                vPortEnterCritical
 .text.vPortExitCritical
                0x00000000080083d8       0x58 ./Middlewares/FREERTOS/portable/GCC/ARM_CM7/r0p1/port.o
                0x00000000080083d8                vPortExitCritical
 .text.PendSV_Handler
                0x0000000008008430       0x68 ./Middlewares/FREERTOS/portable/GCC/ARM_CM7/r0p1/port.o
                0x0000000008008430                PendSV_Handler
 .text.SysTick_Handler
                0x0000000008008498       0x48 ./Middlewares/FREERTOS/portable/GCC/ARM_CM7/r0p1/port.o
                0x0000000008008498                SysTick_Handler
 .text.vPortSetupTimerInterrupt
                0x00000000080084e0       0x48 ./Middlewares/FREERTOS/portable/GCC/ARM_CM7/r0p1/port.o
                0x00000000080084e0                vPortSetupTimerInterrupt
 .text.vPortEnableVFP
                0x0000000008008528       0x18 ./Middlewares/FREERTOS/portable/GCC/ARM_CM7/r0p1/port.o
 .text.vPortValidateInterruptPriority
                0x0000000008008540       0x88 ./Middlewares/FREERTOS/portable/GCC/ARM_CM7/r0p1/port.o
                0x0000000008008540                vPortValidateInterruptPriority
 .text.pvPortMalloc
                0x00000000080085c8      0x1cc ./Middlewares/FREERTOS/portable/MemMang/heap_4.o
                0x00000000080085c8                pvPortMalloc
 .text.vPortFree
                0x0000000008008794       0xcc ./Middlewares/FREERTOS/portable/MemMang/heap_4.o
                0x0000000008008794                vPortFree
 .text.prvHeapInit
                0x0000000008008860       0xc4 ./Middlewares/FREERTOS/portable/MemMang/heap_4.o
 .text.prvInsertBlockIntoFreeList
                0x0000000008008924       0xb4 ./Middlewares/FREERTOS/portable/MemMang/heap_4.o
 .text.USBD_CDC_Init
                0x00000000080089d8      0x100 ./Middlewares/ST/STM32_USB_Device_Library/Class/CDC/Src/usbd_cdc.o
 .text.USBD_CDC_DeInit
                0x0000000008008ad8       0x78 ./Middlewares/ST/STM32_USB_Device_Library/Class/CDC/Src/usbd_cdc.o
 .text.USBD_CDC_Setup
                0x0000000008008b50      0x178 ./Middlewares/ST/STM32_USB_Device_Library/Class/CDC/Src/usbd_cdc.o
 .text.USBD_CDC_DataIn
                0x0000000008008cc8       0xbe ./Middlewares/ST/STM32_USB_Device_Library/Class/CDC/Src/usbd_cdc.o
 .text.USBD_CDC_DataOut
                0x0000000008008d86       0x56 ./Middlewares/ST/STM32_USB_Device_Library/Class/CDC/Src/usbd_cdc.o
 .text.USBD_CDC_EP0_RxReady
                0x0000000008008ddc       0x50 ./Middlewares/ST/STM32_USB_Device_Library/Class/CDC/Src/usbd_cdc.o
 .text.USBD_CDC_GetFSCfgDesc
                0x0000000008008e2c       0x20 ./Middlewares/ST/STM32_USB_Device_Library/Class/CDC/Src/usbd_cdc.o
 .text.USBD_CDC_GetHSCfgDesc
                0x0000000008008e4c       0x20 ./Middlewares/ST/STM32_USB_Device_Library/Class/CDC/Src/usbd_cdc.o
 .text.USBD_CDC_GetOtherSpeedCfgDesc
                0x0000000008008e6c       0x20 ./Middlewares/ST/STM32_USB_Device_Library/Class/CDC/Src/usbd_cdc.o
 .text.USBD_CDC_GetDeviceQualifierDescriptor
                0x0000000008008e8c       0x20 ./Middlewares/ST/STM32_USB_Device_Library/Class/CDC/Src/usbd_cdc.o
                0x0000000008008e8c                USBD_CDC_GetDeviceQualifierDescriptor
 .text.USBD_CDC_RegisterInterface
                0x0000000008008eac       0x2a ./Middlewares/ST/STM32_USB_Device_Library/Class/CDC/Src/usbd_cdc.o
                0x0000000008008eac                USBD_CDC_RegisterInterface
 .text.USBD_CDC_SetTxBuffer
                0x0000000008008ed6       0x32 ./Middlewares/ST/STM32_USB_Device_Library/Class/CDC/Src/usbd_cdc.o
                0x0000000008008ed6                USBD_CDC_SetTxBuffer
 .text.USBD_CDC_SetRxBuffer
                0x0000000008008f08       0x28 ./Middlewares/ST/STM32_USB_Device_Library/Class/CDC/Src/usbd_cdc.o
                0x0000000008008f08                USBD_CDC_SetRxBuffer
 .text.USBD_CDC_TransmitPacket
                0x0000000008008f30       0x60 ./Middlewares/ST/STM32_USB_Device_Library/Class/CDC/Src/usbd_cdc.o
                0x0000000008008f30                USBD_CDC_TransmitPacket
 .text.USBD_CDC_ReceivePacket
                0x0000000008008f90       0x54 ./Middlewares/ST/STM32_USB_Device_Library/Class/CDC/Src/usbd_cdc.o
                0x0000000008008f90                USBD_CDC_ReceivePacket
 .text.USBD_Init
                0x0000000008008fe4       0x6c ./Middlewares/ST/STM32_USB_Device_Library/Core/Src/usbd_core.o
                0x0000000008008fe4                USBD_Init
 .text.USBD_RegisterClass
                0x0000000008009050       0x42 ./Middlewares/ST/STM32_USB_Device_Library/Core/Src/usbd_core.o
                0x0000000008009050                USBD_RegisterClass
 .text.USBD_Start
                0x0000000008009092       0x18 ./Middlewares/ST/STM32_USB_Device_Library/Core/Src/usbd_core.o
                0x0000000008009092                USBD_Start
 .text.USBD_RunTestMode
                0x00000000080090aa       0x16 ./Middlewares/ST/STM32_USB_Device_Library/Core/Src/usbd_core.o
                0x00000000080090aa                USBD_RunTestMode
 .text.USBD_SetClassConfig
                0x00000000080090c0       0x38 ./Middlewares/ST/STM32_USB_Device_Library/Core/Src/usbd_core.o
                0x00000000080090c0                USBD_SetClassConfig
 .text.USBD_ClrClassConfig
                0x00000000080090f8       0x30 ./Middlewares/ST/STM32_USB_Device_Library/Core/Src/usbd_core.o
                0x00000000080090f8                USBD_ClrClassConfig
 .text.USBD_LL_SetupStage
                0x0000000008009128       0xaa ./Middlewares/ST/STM32_USB_Device_Library/Core/Src/usbd_core.o
                0x0000000008009128                USBD_LL_SetupStage
 .text.USBD_LL_DataOutStage
                0x00000000080091d2       0xc6 ./Middlewares/ST/STM32_USB_Device_Library/Core/Src/usbd_core.o
                0x00000000080091d2                USBD_LL_DataOutStage
 .text.USBD_LL_DataInStage
                0x0000000008009298      0x12c ./Middlewares/ST/STM32_USB_Device_Library/Core/Src/usbd_core.o
                0x0000000008009298                USBD_LL_DataInStage
 .text.USBD_LL_Reset
                0x00000000080093c4       0x82 ./Middlewares/ST/STM32_USB_Device_Library/Core/Src/usbd_core.o
                0x00000000080093c4                USBD_LL_Reset
 .text.USBD_LL_SetSpeed
                0x0000000008009446       0x20 ./Middlewares/ST/STM32_USB_Device_Library/Core/Src/usbd_core.o
                0x0000000008009446                USBD_LL_SetSpeed
 .text.USBD_LL_Suspend
                0x0000000008009466       0x2a ./Middlewares/ST/STM32_USB_Device_Library/Core/Src/usbd_core.o
                0x0000000008009466                USBD_LL_Suspend
 .text.USBD_LL_Resume
                0x0000000008009490       0x2c ./Middlewares/ST/STM32_USB_Device_Library/Core/Src/usbd_core.o
                0x0000000008009490                USBD_LL_Resume
 .text.USBD_LL_SOF
                0x00000000080094bc       0x34 ./Middlewares/ST/STM32_USB_Device_Library/Core/Src/usbd_core.o
                0x00000000080094bc                USBD_LL_SOF
 .text.USBD_LL_IsoINIncomplete
                0x00000000080094f0       0x1a ./Middlewares/ST/STM32_USB_Device_Library/Core/Src/usbd_core.o
                0x00000000080094f0                USBD_LL_IsoINIncomplete
 .text.USBD_LL_IsoOUTIncomplete
                0x000000000800950a       0x1a ./Middlewares/ST/STM32_USB_Device_Library/Core/Src/usbd_core.o
                0x000000000800950a                USBD_LL_IsoOUTIncomplete
 .text.USBD_LL_DevConnected
                0x0000000008009524       0x16 ./Middlewares/ST/STM32_USB_Device_Library/Core/Src/usbd_core.o
                0x0000000008009524                USBD_LL_DevConnected
 .text.USBD_LL_DevDisconnected
                0x000000000800953a       0x38 ./Middlewares/ST/STM32_USB_Device_Library/Core/Src/usbd_core.o
                0x000000000800953a                USBD_LL_DevDisconnected
 .text.SWAPBYTE
                0x0000000008009572       0x3c ./Middlewares/ST/STM32_USB_Device_Library/Core/Src/usbd_ctlreq.o
 *fill*         0x00000000080095ae        0x2 
 .text.USBD_StdDevReq
                0x00000000080095b0       0xdc ./Middlewares/ST/STM32_USB_Device_Library/Core/Src/usbd_ctlreq.o
                0x00000000080095b0                USBD_StdDevReq
 .text.USBD_StdItfReq
                0x000000000800968c       0x90 ./Middlewares/ST/STM32_USB_Device_Library/Core/Src/usbd_ctlreq.o
                0x000000000800968c                USBD_StdItfReq
 .text.USBD_StdEPReq
                0x000000000800971c      0x2ba ./Middlewares/ST/STM32_USB_Device_Library/Core/Src/usbd_ctlreq.o
                0x000000000800971c                USBD_StdEPReq
 *fill*         0x00000000080099d6        0x2 
 .text.USBD_GetDescriptor
                0x00000000080099d8      0x328 ./Middlewares/ST/STM32_USB_Device_Library/Core/Src/usbd_ctlreq.o
 .text.USBD_SetAddress
                0x0000000008009d00       0x86 ./Middlewares/ST/STM32_USB_Device_Library/Core/Src/usbd_ctlreq.o
 *fill*         0x0000000008009d86        0x2 
 .text.USBD_SetConfig
                0x0000000008009d88      0x148 ./Middlewares/ST/STM32_USB_Device_Library/Core/Src/usbd_ctlreq.o
 .text.USBD_GetConfig
                0x0000000008009ed0       0x6a ./Middlewares/ST/STM32_USB_Device_Library/Core/Src/usbd_ctlreq.o
 .text.USBD_GetStatus
                0x0000000008009f3a       0x66 ./Middlewares/ST/STM32_USB_Device_Library/Core/Src/usbd_ctlreq.o
 .text.USBD_SetFeature
                0x0000000008009fa0       0x28 ./Middlewares/ST/STM32_USB_Device_Library/Core/Src/usbd_ctlreq.o
 .text.USBD_ClrFeature
                0x0000000008009fc8       0x42 ./Middlewares/ST/STM32_USB_Device_Library/Core/Src/usbd_ctlreq.o
 .text.USBD_ParseSetupRequest
                0x000000000800a00a       0x74 ./Middlewares/ST/STM32_USB_Device_Library/Core/Src/usbd_ctlreq.o
                0x000000000800a00a                USBD_ParseSetupRequest
 .text.USBD_CtlError
                0x000000000800a07e       0x22 ./Middlewares/ST/STM32_USB_Device_Library/Core/Src/usbd_ctlreq.o
                0x000000000800a07e                USBD_CtlError
 .text.USBD_GetString
                0x000000000800a0a0       0x8c ./Middlewares/ST/STM32_USB_Device_Library/Core/Src/usbd_ctlreq.o
                0x000000000800a0a0                USBD_GetString
 .text.USBD_GetLen
                0x000000000800a12c       0x34 ./Middlewares/ST/STM32_USB_Device_Library/Core/Src/usbd_ctlreq.o
 .text.USBD_CtlSendData
                0x000000000800a160       0x36 ./Middlewares/ST/STM32_USB_Device_Library/Core/Src/usbd_ioreq.o
                0x000000000800a160                USBD_CtlSendData
 .text.USBD_CtlContinueSendData
                0x000000000800a196       0x22 ./Middlewares/ST/STM32_USB_Device_Library/Core/Src/usbd_ioreq.o
                0x000000000800a196                USBD_CtlContinueSendData
 .text.USBD_CtlPrepareRx
                0x000000000800a1b8       0x3a ./Middlewares/ST/STM32_USB_Device_Library/Core/Src/usbd_ioreq.o
                0x000000000800a1b8                USBD_CtlPrepareRx
 .text.USBD_CtlContinueRx
                0x000000000800a1f2       0x22 ./Middlewares/ST/STM32_USB_Device_Library/Core/Src/usbd_ioreq.o
                0x000000000800a1f2                USBD_CtlContinueRx
 .text.USBD_CtlSendStatus
                0x000000000800a214       0x26 ./Middlewares/ST/STM32_USB_Device_Library/Core/Src/usbd_ioreq.o
                0x000000000800a214                USBD_CtlSendStatus
 .text.USBD_CtlReceiveStatus
                0x000000000800a23a       0x26 ./Middlewares/ST/STM32_USB_Device_Library/Core/Src/usbd_ioreq.o
                0x000000000800a23a                USBD_CtlReceiveStatus
 .text.MX_USB_DEVICE_Init
                0x000000000800a260       0x60 ./USB_DEVICE/App/usb_device.o
                0x000000000800a260                MX_USB_DEVICE_Init
 .text.CDC_Init_FS
                0x000000000800a2c0       0x28 ./USB_DEVICE/App/usbd_cdc_if.o
 .text.CDC_DeInit_FS
                0x000000000800a2e8       0x10 ./USB_DEVICE/App/usbd_cdc_if.o
 .text.CDC_Control_FS
                0x000000000800a2f8      0x134 ./USB_DEVICE/App/usbd_cdc_if.o
 .text.CDC_Receive_FS
                0x000000000800a42c       0x88 ./USB_DEVICE/App/usbd_cdc_if.o
 .text.CDC_Transmit_FS
                0x000000000800a4b4       0x4c ./USB_DEVICE/App/usbd_cdc_if.o
                0x000000000800a4b4                CDC_Transmit_FS
 .text.CDC_TransmitCplt_FS
                0x000000000800a500       0x22 ./USB_DEVICE/App/usbd_cdc_if.o
 *fill*         0x000000000800a522        0x2 
 .text.USBD_FS_DeviceDescriptor
                0x000000000800a524       0x24 ./USB_DEVICE/App/usbd_desc.o
                0x000000000800a524                USBD_FS_DeviceDescriptor
 .text.USBD_FS_LangIDStrDescriptor
                0x000000000800a548       0x24 ./USB_DEVICE/App/usbd_desc.o
                0x000000000800a548                USBD_FS_LangIDStrDescriptor
 .text.USBD_FS_ProductStrDescriptor
                0x000000000800a56c       0x3c ./USB_DEVICE/App/usbd_desc.o
                0x000000000800a56c                USBD_FS_ProductStrDescriptor
 .text.USBD_FS_ManufacturerStrDescriptor
                0x000000000800a5a8       0x28 ./USB_DEVICE/App/usbd_desc.o
                0x000000000800a5a8                USBD_FS_ManufacturerStrDescriptor
 .text.USBD_FS_SerialStrDescriptor
                0x000000000800a5d0       0x24 ./USB_DEVICE/App/usbd_desc.o
                0x000000000800a5d0                USBD_FS_SerialStrDescriptor
 .text.USBD_FS_ConfigStrDescriptor
                0x000000000800a5f4       0x3c ./USB_DEVICE/App/usbd_desc.o
                0x000000000800a5f4                USBD_FS_ConfigStrDescriptor
 .text.USBD_FS_InterfaceStrDescriptor
                0x000000000800a630       0x3c ./USB_DEVICE/App/usbd_desc.o
                0x000000000800a630                USBD_FS_InterfaceStrDescriptor
 .text.USBD_FS_USR_BOSDescriptor
                0x000000000800a66c       0x24 ./USB_DEVICE/App/usbd_desc.o
                0x000000000800a66c                USBD_FS_USR_BOSDescriptor
 .text.Get_SerialNum
                0x000000000800a690       0x58 ./USB_DEVICE/App/usbd_desc.o
 .text.IntToUnicode
                0x000000000800a6e8       0x7e ./USB_DEVICE/App/usbd_desc.o
 *fill*         0x000000000800a766        0x2 
 .text.HAL_PCD_MspInit
                0x000000000800a768      0x104 ./USB_DEVICE/Target/usbd_conf.o
                0x000000000800a768                HAL_PCD_MspInit
 .text.HAL_PCD_SetupStageCallback
                0x000000000800a86c       0x24 ./USB_DEVICE/Target/usbd_conf.o
                0x000000000800a86c                HAL_PCD_SetupStageCallback
 .text.HAL_PCD_DataOutStageCallback
                0x000000000800a890       0x36 ./USB_DEVICE/Target/usbd_conf.o
                0x000000000800a890                HAL_PCD_DataOutStageCallback
 .text.HAL_PCD_DataInStageCallback
                0x000000000800a8c6       0x34 ./USB_DEVICE/Target/usbd_conf.o
                0x000000000800a8c6                HAL_PCD_DataInStageCallback
 .text.HAL_PCD_SOFCallback
                0x000000000800a8fa       0x1c ./USB_DEVICE/Target/usbd_conf.o
                0x000000000800a8fa                HAL_PCD_SOFCallback
 .text.HAL_PCD_ResetCallback
                0x000000000800a916       0x50 ./USB_DEVICE/Target/usbd_conf.o
                0x000000000800a916                HAL_PCD_ResetCallback
 *fill*         0x000000000800a966        0x2 
 .text.HAL_PCD_SuspendCallback
                0x000000000800a968       0x4c ./USB_DEVICE/Target/usbd_conf.o
                0x000000000800a968                HAL_PCD_SuspendCallback
 .text.HAL_PCD_ResumeCallback
                0x000000000800a9b4       0x1c ./USB_DEVICE/Target/usbd_conf.o
                0x000000000800a9b4                HAL_PCD_ResumeCallback
 .text.HAL_PCD_ISOOUTIncompleteCallback
                0x000000000800a9d0       0x24 ./USB_DEVICE/Target/usbd_conf.o
                0x000000000800a9d0                HAL_PCD_ISOOUTIncompleteCallback
 .text.HAL_PCD_ISOINIncompleteCallback
                0x000000000800a9f4       0x24 ./USB_DEVICE/Target/usbd_conf.o
                0x000000000800a9f4                HAL_PCD_ISOINIncompleteCallback
 .text.HAL_PCD_ConnectCallback
                0x000000000800aa18       0x1c ./USB_DEVICE/Target/usbd_conf.o
                0x000000000800aa18                HAL_PCD_ConnectCallback
 .text.HAL_PCD_DisconnectCallback
                0x000000000800aa34       0x1c ./USB_DEVICE/Target/usbd_conf.o
                0x000000000800aa34                HAL_PCD_DisconnectCallback
 .text.USBD_LL_Init
                0x000000000800aa50       0x98 ./USB_DEVICE/Target/usbd_conf.o
                0x000000000800aa50                USBD_LL_Init
 .text.USBD_LL_Start
                0x000000000800aae8       0x36 ./USB_DEVICE/Target/usbd_conf.o
                0x000000000800aae8                USBD_LL_Start
 .text.USBD_LL_OpenEP
                0x000000000800ab1e       0x4c ./USB_DEVICE/Target/usbd_conf.o
                0x000000000800ab1e                USBD_LL_OpenEP
 .text.USBD_LL_CloseEP
                0x000000000800ab6a       0x3e ./USB_DEVICE/Target/usbd_conf.o
                0x000000000800ab6a                USBD_LL_CloseEP
 .text.USBD_LL_StallEP
                0x000000000800aba8       0x3e ./USB_DEVICE/Target/usbd_conf.o
                0x000000000800aba8                USBD_LL_StallEP
 .text.USBD_LL_ClearStallEP
                0x000000000800abe6       0x3e ./USB_DEVICE/Target/usbd_conf.o
                0x000000000800abe6                USBD_LL_ClearStallEP
 .text.USBD_LL_IsStallEP
                0x000000000800ac24       0x58 ./USB_DEVICE/Target/usbd_conf.o
                0x000000000800ac24                USBD_LL_IsStallEP
 .text.USBD_LL_SetUSBAddress
                0x000000000800ac7c       0x3e ./USB_DEVICE/Target/usbd_conf.o
                0x000000000800ac7c                USBD_LL_SetUSBAddress
 .text.USBD_LL_Transmit
                0x000000000800acba       0x42 ./USB_DEVICE/Target/usbd_conf.o
                0x000000000800acba                USBD_LL_Transmit
 .text.USBD_LL_PrepareReceive
                0x000000000800acfc       0x42 ./USB_DEVICE/Target/usbd_conf.o
                0x000000000800acfc                USBD_LL_PrepareReceive
 .text.USBD_LL_GetRxDataSize
                0x000000000800ad3e       0x26 ./USB_DEVICE/Target/usbd_conf.o
                0x000000000800ad3e                USBD_LL_GetRxDataSize
 .text.HAL_PCDEx_LPM_Callback
                0x000000000800ad64       0x9c ./USB_DEVICE/Target/usbd_conf.o
                0x000000000800ad64                HAL_PCDEx_LPM_Callback
 .text.SystemClockConfig_Resume
                0x000000000800ae00        0xc ./USB_DEVICE/Target/usbd_conf.o
 .text.USBD_Get_USB_Status
                0x000000000800ae0c       0x58 ./USB_DEVICE/Target/usbd_conf.o
                0x000000000800ae0c                USBD_Get_USB_Status
 .text.COBS_enCode
                0x000000000800ae64       0x8e ./Utils/cobs.o
                0x000000000800ae64                COBS_enCode
 .text.COBS_deCode
                0x000000000800aef2       0x82 ./Utils/cobs.o
                0x000000000800aef2                COBS_deCode
 .text.ring_buffer_is_empty
                0x000000000800af74       0x2a ./Utils/ringBuffer.o
                0x000000000800af74                ring_buffer_is_empty
 .text.ring_buffer_is_full
                0x000000000800af9e       0x36 ./Utils/ringBuffer.o
                0x000000000800af9e                ring_buffer_is_full
 .text.ring_buffer_num_items
                0x000000000800afd4       0x2a ./Utils/ringBuffer.o
                0x000000000800afd4                ring_buffer_num_items
 .text.ring_buffer_init
                0x000000000800affe       0x24 ./Utils/ringBuffer.o
                0x000000000800affe                ring_buffer_init
 .text.ring_buffer_queue
                0x000000000800b022       0x5a ./Utils/ringBuffer.o
                0x000000000800b022                ring_buffer_queue
 .text.ring_buffer_queue_arr
                0x000000000800b07c       0x3c ./Utils/ringBuffer.o
                0x000000000800b07c                ring_buffer_queue_arr
 .text.ring_buffer_dequeue
                0x000000000800b0b8       0x4a ./Utils/ringBuffer.o
                0x000000000800b0b8                ring_buffer_dequeue
 .text.ring_buffer_dequeue_arr
                0x000000000800b102       0x54 ./Utils/ringBuffer.o
                0x000000000800b102                ring_buffer_dequeue_arr
 *fill*         0x000000000800b156        0x2 
 .text.__errno  0x000000000800b158        0xc c:/st/stm32cubeide_1.0.1/stm32cubeide/plugins/com.st.stm32cube.ide.mcu.externaltools.gnu-tools-for-stm32.10.3-2021.10.win32_1.0.0.202111181127/tools/bin/../lib/gcc/arm-none-eabi/10.3.1/../../../../arm-none-eabi/lib/thumb/v7e-m+fp/hard\libc_nano.a(lib_a-errno.o)
                0x000000000800b158                __errno
 .text.__libc_init_array
                0x000000000800b164       0x48 c:/st/stm32cubeide_1.0.1/stm32cubeide/plugins/com.st.stm32cube.ide.mcu.externaltools.gnu-tools-for-stm32.10.3-2021.10.win32_1.0.0.202111181127/tools/bin/../lib/gcc/arm-none-eabi/10.3.1/../../../../arm-none-eabi/lib/thumb/v7e-m+fp/hard\libc_nano.a(lib_a-init.o)
                0x000000000800b164                __libc_init_array
 .text.malloc   0x000000000800b1ac       0x10 c:/st/stm32cubeide_1.0.1/stm32cubeide/plugins/com.st.stm32cube.ide.mcu.externaltools.gnu-tools-for-stm32.10.3-2021.10.win32_1.0.0.202111181127/tools/bin/../lib/gcc/arm-none-eabi/10.3.1/../../../../arm-none-eabi/lib/thumb/v7e-m+fp/hard\libc_nano.a(lib_a-malloc.o)
                0x000000000800b1ac                malloc
 .text.free     0x000000000800b1bc       0x10 c:/st/stm32cubeide_1.0.1/stm32cubeide/plugins/com.st.stm32cube.ide.mcu.externaltools.gnu-tools-for-stm32.10.3-2021.10.win32_1.0.0.202111181127/tools/bin/../lib/gcc/arm-none-eabi/10.3.1/../../../../arm-none-eabi/lib/thumb/v7e-m+fp/hard\libc_nano.a(lib_a-malloc.o)
                0x000000000800b1bc                free
 .text.memcpy   0x000000000800b1cc       0x1c c:/st/stm32cubeide_1.0.1/stm32cubeide/plugins/com.st.stm32cube.ide.mcu.externaltools.gnu-tools-for-stm32.10.3-2021.10.win32_1.0.0.202111181127/tools/bin/../lib/gcc/arm-none-eabi/10.3.1/../../../../arm-none-eabi/lib/thumb/v7e-m+fp/hard\libc_nano.a(lib_a-memcpy-stub.o)
                0x000000000800b1cc                memcpy
 .text.memset   0x000000000800b1e8       0x10 c:/st/stm32cubeide_1.0.1/stm32cubeide/plugins/com.st.stm32cube.ide.mcu.externaltools.gnu-tools-for-stm32.10.3-2021.10.win32_1.0.0.202111181127/tools/bin/../lib/gcc/arm-none-eabi/10.3.1/../../../../arm-none-eabi/lib/thumb/v7e-m+fp/hard\libc_nano.a(lib_a-memset.o)
                0x000000000800b1e8                memset
 .text._free_r  0x000000000800b1f8       0x98 c:/st/stm32cubeide_1.0.1/stm32cubeide/plugins/com.st.stm32cube.ide.mcu.externaltools.gnu-tools-for-stm32.10.3-2021.10.win32_1.0.0.202111181127/tools/bin/../lib/gcc/arm-none-eabi/10.3.1/../../../../arm-none-eabi/lib/thumb/v7e-m+fp/hard\libc_nano.a(lib_a-nano-freer.o)
                0x000000000800b1f8                _free_r
 .text.sbrk_aligned
                0x000000000800b290       0x40 c:/st/stm32cubeide_1.0.1/stm32cubeide/plugins/com.st.stm32cube.ide.mcu.externaltools.gnu-tools-for-stm32.10.3-2021.10.win32_1.0.0.202111181127/tools/bin/../lib/gcc/arm-none-eabi/10.3.1/../../../../arm-none-eabi/lib/thumb/v7e-m+fp/hard\libc_nano.a(lib_a-nano-mallocr.o)
 .text._malloc_r
                0x000000000800b2d0       0xe8 c:/st/stm32cubeide_1.0.1/stm32cubeide/plugins/com.st.stm32cube.ide.mcu.externaltools.gnu-tools-for-stm32.10.3-2021.10.win32_1.0.0.202111181127/tools/bin/../lib/gcc/arm-none-eabi/10.3.1/../../../../arm-none-eabi/lib/thumb/v7e-m+fp/hard\libc_nano.a(lib_a-nano-mallocr.o)
                0x000000000800b2d0                _malloc_r
 .text._sbrk_r  0x000000000800b3b8       0x20 c:/st/stm32cubeide_1.0.1/stm32cubeide/plugins/com.st.stm32cube.ide.mcu.externaltools.gnu-tools-for-stm32.10.3-2021.10.win32_1.0.0.202111181127/tools/bin/../lib/gcc/arm-none-eabi/10.3.1/../../../../arm-none-eabi/lib/thumb/v7e-m+fp/hard\libc_nano.a(lib_a-sbrkr.o)
                0x000000000800b3b8                _sbrk_r
 .text.__malloc_lock
                0x000000000800b3d8        0xc c:/st/stm32cubeide_1.0.1/stm32cubeide/plugins/com.st.stm32cube.ide.mcu.externaltools.gnu-tools-for-stm32.10.3-2021.10.win32_1.0.0.202111181127/tools/bin/../lib/gcc/arm-none-eabi/10.3.1/../../../../arm-none-eabi/lib/thumb/v7e-m+fp/hard\libc_nano.a(lib_a-mlock.o)
                0x000000000800b3d8                __malloc_lock
 .text.__malloc_unlock
                0x000000000800b3e4        0xc c:/st/stm32cubeide_1.0.1/stm32cubeide/plugins/com.st.stm32cube.ide.mcu.externaltools.gnu-tools-for-stm32.10.3-2021.10.win32_1.0.0.202111181127/tools/bin/../lib/gcc/arm-none-eabi/10.3.1/../../../../arm-none-eabi/lib/thumb/v7e-m+fp/hard\libc_nano.a(lib_a-mlock.o)
                0x000000000800b3e4                __malloc_unlock
 .text.__retarget_lock_acquire_recursive
                0x000000000800b3f0        0x2 c:/st/stm32cubeide_1.0.1/stm32cubeide/plugins/com.st.stm32cube.ide.mcu.externaltools.gnu-tools-for-stm32.10.3-2021.10.win32_1.0.0.202111181127/tools/bin/../lib/gcc/arm-none-eabi/10.3.1/../../../../arm-none-eabi/lib/thumb/v7e-m+fp/hard\libc_nano.a(lib_a-lock.o)
                0x000000000800b3f0                __retarget_lock_acquire_recursive
 .text.__retarget_lock_release_recursive
                0x000000000800b3f2        0x2 c:/st/stm32cubeide_1.0.1/stm32cubeide/plugins/com.st.stm32cube.ide.mcu.externaltools.gnu-tools-for-stm32.10.3-2021.10.win32_1.0.0.202111181127/tools/bin/../lib/gcc/arm-none-eabi/10.3.1/../../../../arm-none-eabi/lib/thumb/v7e-m+fp/hard\libc_nano.a(lib_a-lock.o)
                0x000000000800b3f2                __retarget_lock_release_recursive
 *(.glue_7)
 .glue_7        0x000000000800b3f4        0x0 linker stubs
 *(.glue_7t)
 .glue_7t       0x000000000800b3f4        0x0 linker stubs
 *(.eh_frame)
 .eh_frame      0x000000000800b3f4        0x0 c:/st/stm32cubeide_1.0.1/stm32cubeide/plugins/com.st.stm32cube.ide.mcu.externaltools.gnu-tools-for-stm32.10.3-2021.10.win32_1.0.0.202111181127/tools/bin/../lib/gcc/arm-none-eabi/10.3.1/thumb/v7e-m+fp/hard/crtbegin.o
 *(.init)
 .init          0x000000000800b3f4        0x4 c:/st/stm32cubeide_1.0.1/stm32cubeide/plugins/com.st.stm32cube.ide.mcu.externaltools.gnu-tools-for-stm32.10.3-2021.10.win32_1.0.0.202111181127/tools/bin/../lib/gcc/arm-none-eabi/10.3.1/thumb/v7e-m+fp/hard/crti.o
                0x000000000800b3f4                _init
 .init          0x000000000800b3f8        0x8 c:/st/stm32cubeide_1.0.1/stm32cubeide/plugins/com.st.stm32cube.ide.mcu.externaltools.gnu-tools-for-stm32.10.3-2021.10.win32_1.0.0.202111181127/tools/bin/../lib/gcc/arm-none-eabi/10.3.1/thumb/v7e-m+fp/hard/crtn.o
 *(.fini)
 .fini          0x000000000800b400        0x4 c:/st/stm32cubeide_1.0.1/stm32cubeide/plugins/com.st.stm32cube.ide.mcu.externaltools.gnu-tools-for-stm32.10.3-2021.10.win32_1.0.0.202111181127/tools/bin/../lib/gcc/arm-none-eabi/10.3.1/thumb/v7e-m+fp/hard/crti.o
                0x000000000800b400                _fini
 .fini          0x000000000800b404        0x8 c:/st/stm32cubeide_1.0.1/stm32cubeide/plugins/com.st.stm32cube.ide.mcu.externaltools.gnu-tools-for-stm32.10.3-2021.10.win32_1.0.0.202111181127/tools/bin/../lib/gcc/arm-none-eabi/10.3.1/thumb/v7e-m+fp/hard/crtn.o
                0x000000000800b40c                . = ALIGN (0x4)
                0x000000000800b40c                _etext = .

.vfp11_veneer   0x000000000800b40c        0x0
 .vfp11_veneer  0x000000000800b40c        0x0 linker stubs

.v4_bx          0x000000000800b40c        0x0
 .v4_bx         0x000000000800b40c        0x0 linker stubs

.iplt           0x000000000800b40c        0x0
 .iplt          0x000000000800b40c        0x0 c:/st/stm32cubeide_1.0.1/stm32cubeide/plugins/com.st.stm32cube.ide.mcu.externaltools.gnu-tools-for-stm32.10.3-2021.10.win32_1.0.0.202111181127/tools/bin/../lib/gcc/arm-none-eabi/10.3.1/thumb/v7e-m+fp/hard/crtbegin.o

.rodata         0x000000000800b40c     0x1c18
                0x000000000800b40c                . = ALIGN (0x4)
 *(.rodata)
 .rodata        0x000000000800b40c       0x2e ./Core/Src/tasks_manager.o
 *fill*         0x000000000800b43a        0x2 
 .rodata        0x000000000800b43c       0x17 ./Core/Src/usb_tasks.o
 *fill*         0x000000000800b453        0x1 
 .rodata        0x000000000800b454        0x5 ./Middlewares/FREERTOS/tasks.o
 *fill*         0x000000000800b459        0x3 
 .rodata        0x000000000800b45c        0xd ./Middlewares/FREERTOS/timers.o
 *fill*         0x000000000800b469        0x3 
 .rodata        0x000000000800b46c       0x46 ./USB_DEVICE/App/usbd_desc.o
 *(.rodata*)
 *fill*         0x000000000800b4b2        0x2 
 .rodata.AHBPrescTable
                0x000000000800b4b4       0x10 ./Core/Src/system_stm32f7xx.o
                0x000000000800b4b4                AHBPrescTable
 .rodata.APBPrescTable
                0x000000000800b4c4        0x8 ./Core/Src/system_stm32f7xx.o
                0x000000000800b4c4                APBPrescTable
 .rodata.acc_data
                0x000000000800b4cc     0x1b58 ./Core/Src/tasks_manager.o
                0x000000000800b4cc                acc_data
                0x000000000800d024                . = ALIGN (0x4)

.ARM.extab      0x000000000800d024        0x0
                0x000000000800d024                . = ALIGN (0x4)
 *(.ARM.extab* .gnu.linkonce.armextab.*)
                0x000000000800d024                . = ALIGN (0x4)

.ARM            0x000000000800d024        0x8
                0x000000000800d024                . = ALIGN (0x4)
                0x000000000800d024                __exidx_start = .
 *(.ARM.exidx*)
 .ARM.exidx     0x000000000800d024        0x8 c:/st/stm32cubeide_1.0.1/stm32cubeide/plugins/com.st.stm32cube.ide.mcu.externaltools.gnu-tools-for-stm32.10.3-2021.10.win32_1.0.0.202111181127/tools/bin/../lib/gcc/arm-none-eabi/10.3.1/thumb/v7e-m+fp/hard\libgcc.a(_udivmoddi4.o)
                0x000000000800d02c                __exidx_end = .
                0x000000000800d02c                . = ALIGN (0x4)

.rel.dyn        0x000000000800d02c        0x0
 .rel.iplt      0x000000000800d02c        0x0 c:/st/stm32cubeide_1.0.1/stm32cubeide/plugins/com.st.stm32cube.ide.mcu.externaltools.gnu-tools-for-stm32.10.3-2021.10.win32_1.0.0.202111181127/tools/bin/../lib/gcc/arm-none-eabi/10.3.1/thumb/v7e-m+fp/hard/crtbegin.o

.preinit_array  0x000000000800d02c        0x0
                0x000000000800d02c                . = ALIGN (0x4)
                0x000000000800d02c                PROVIDE (__preinit_array_start = .)
 *(.preinit_array*)
                0x000000000800d02c                PROVIDE (__preinit_array_end = .)
                0x000000000800d02c                . = ALIGN (0x4)

.init_array     0x000000000800d02c        0x4
                0x000000000800d02c                . = ALIGN (0x4)
                0x000000000800d02c                PROVIDE (__init_array_start = .)
 *(SORT_BY_NAME(.init_array.*))
 *(.init_array*)
 .init_array    0x000000000800d02c        0x4 c:/st/stm32cubeide_1.0.1/stm32cubeide/plugins/com.st.stm32cube.ide.mcu.externaltools.gnu-tools-for-stm32.10.3-2021.10.win32_1.0.0.202111181127/tools/bin/../lib/gcc/arm-none-eabi/10.3.1/thumb/v7e-m+fp/hard/crtbegin.o
                0x000000000800d030                PROVIDE (__init_array_end = .)
                0x000000000800d030                . = ALIGN (0x4)

.fini_array     0x000000000800d030        0x4
                0x000000000800d030                . = ALIGN (0x4)
                [!provide]                        PROVIDE (__fini_array_start = .)
 *(SORT_BY_NAME(.fini_array.*))
 *(.fini_array*)
 .fini_array    0x000000000800d030        0x4 c:/st/stm32cubeide_1.0.1/stm32cubeide/plugins/com.st.stm32cube.ide.mcu.externaltools.gnu-tools-for-stm32.10.3-2021.10.win32_1.0.0.202111181127/tools/bin/../lib/gcc/arm-none-eabi/10.3.1/thumb/v7e-m+fp/hard/crtbegin.o
                [!provide]                        PROVIDE (__fini_array_end = .)
                0x000000000800d034                . = ALIGN (0x4)
                0x000000000800d034                _sidata = LOADADDR (.data)

.data           0x0000000020000000      0x200 load address 0x000000000800d034
                0x0000000020000000                . = ALIGN (0x4)
                0x0000000020000000                _sdata = .
 *(.data)
 *(.data*)
 .data.SystemCoreClock
                0x0000000020000000        0x4 ./Core/Src/system_stm32f7xx.o
                0x0000000020000000                SystemCoreClock
 .data.size_acc
                0x0000000020000004        0x2 ./Core/Src/tasks_manager.o
                0x0000000020000004                size_acc
 *fill*         0x0000000020000006        0x2 
 .data.uwTickPrio
                0x0000000020000008        0x4 ./Drivers/STM32F7xx_HAL_Driver/Src/stm32f7xx_hal.o
                0x0000000020000008                uwTickPrio
 .data.uwTickFreq
                0x000000002000000c        0x1 ./Drivers/STM32F7xx_HAL_Driver/Src/stm32f7xx_hal.o
                0x000000002000000c                uwTickFreq
 *fill*         0x000000002000000d        0x3 
 .data.uxTopUsedPriority
                0x0000000020000010        0x4 ./Middlewares/FREERTOS/tasks.o
                0x0000000020000010                uxTopUsedPriority
 .data.uxCriticalNesting
                0x0000000020000014        0x4 ./Middlewares/FREERTOS/portable/GCC/ARM_CM7/r0p1/port.o
 .data.USBD_CDC_DeviceQualifierDesc
                0x0000000020000018        0xa ./Middlewares/ST/STM32_USB_Device_Library/Class/CDC/Src/usbd_cdc.o
 *fill*         0x0000000020000022        0x2 
 .data.USBD_CDC
                0x0000000020000024       0x38 ./Middlewares/ST/STM32_USB_Device_Library/Class/CDC/Src/usbd_cdc.o
                0x0000000020000024                USBD_CDC
 .data.USBD_CDC_CfgHSDesc
                0x000000002000005c       0x43 ./Middlewares/ST/STM32_USB_Device_Library/Class/CDC/Src/usbd_cdc.o
 *fill*         0x000000002000009f        0x1 
 .data.USBD_CDC_CfgFSDesc
                0x00000000200000a0       0x43 ./Middlewares/ST/STM32_USB_Device_Library/Class/CDC/Src/usbd_cdc.o
 *fill*         0x00000000200000e3        0x1 
 .data.USBD_CDC_OtherSpeedCfgDesc
                0x00000000200000e4       0x43 ./Middlewares/ST/STM32_USB_Device_Library/Class/CDC/Src/usbd_cdc.o
 *fill*         0x0000000020000127        0x1 
 .data.USBD_Interface_fops_FS
                0x0000000020000128       0x14 ./USB_DEVICE/App/usbd_cdc_if.o
                0x0000000020000128                USBD_Interface_fops_FS
 .data.FS_Desc  0x000000002000013c       0x20 ./USB_DEVICE/App/usbd_desc.o
                0x000000002000013c                FS_Desc
 .data.USBD_FS_DeviceDesc
                0x000000002000015c       0x12 ./USB_DEVICE/App/usbd_desc.o
                0x000000002000015c                USBD_FS_DeviceDesc
 *fill*         0x000000002000016e        0x2 
 .data.USBD_FS_BOSDesc
                0x0000000020000170        0xc ./USB_DEVICE/App/usbd_desc.o
                0x0000000020000170                USBD_FS_BOSDesc
 .data.USBD_LangIDDesc
                0x000000002000017c        0x4 ./USB_DEVICE/App/usbd_desc.o
                0x000000002000017c                USBD_LangIDDesc
 .data.USBD_StringSerial
                0x0000000020000180       0x1a ./USB_DEVICE/App/usbd_desc.o
                0x0000000020000180                USBD_StringSerial
 *fill*         0x000000002000019a        0x2 
 .data._impure_ptr
                0x000000002000019c        0x4 c:/st/stm32cubeide_1.0.1/stm32cubeide/plugins/com.st.stm32cube.ide.mcu.externaltools.gnu-tools-for-stm32.10.3-2021.10.win32_1.0.0.202111181127/tools/bin/../lib/gcc/arm-none-eabi/10.3.1/../../../../arm-none-eabi/lib/thumb/v7e-m+fp/hard\libc_nano.a(lib_a-impure.o)
                0x000000002000019c                _impure_ptr
 .data.impure_data
                0x00000000200001a0       0x60 c:/st/stm32cubeide_1.0.1/stm32cubeide/plugins/com.st.stm32cube.ide.mcu.externaltools.gnu-tools-for-stm32.10.3-2021.10.win32_1.0.0.202111181127/tools/bin/../lib/gcc/arm-none-eabi/10.3.1/../../../../arm-none-eabi/lib/thumb/v7e-m+fp/hard\libc_nano.a(lib_a-impure.o)
 *(.RamFunc)
 *(.RamFunc*)
                0x0000000020000200                . = ALIGN (0x4)
                0x0000000020000200                _edata = .

.igot.plt       0x0000000020000200        0x0 load address 0x000000000800d234
 .igot.plt      0x0000000020000200        0x0 c:/st/stm32cubeide_1.0.1/stm32cubeide/plugins/com.st.stm32cube.ide.mcu.externaltools.gnu-tools-for-stm32.10.3-2021.10.win32_1.0.0.202111181127/tools/bin/../lib/gcc/arm-none-eabi/10.3.1/thumb/v7e-m+fp/hard/crtbegin.o
                0x0000000020000200                . = ALIGN (0x4)

.bss            0x0000000020000200     0x5d7c load address 0x000000000800d234
                0x0000000020000200                _sbss = .
                0x0000000020000200                __bss_start__ = _sbss
 *(.bss)
 .bss           0x0000000020000200       0x1c c:/st/stm32cubeide_1.0.1/stm32cubeide/plugins/com.st.stm32cube.ide.mcu.externaltools.gnu-tools-for-stm32.10.3-2021.10.win32_1.0.0.202111181127/tools/bin/../lib/gcc/arm-none-eabi/10.3.1/thumb/v7e-m+fp/hard/crtbegin.o
 *(.bss*)
 .bss.hcrc      0x000000002000021c       0x24 ./Core/Src/main.o
                0x000000002000021c                hcrc
 .bss.htim1     0x0000000020000240       0x4c ./Core/Src/stm32f7xx_hal_timebase_tim.o
                0x0000000020000240                htim1
 .bss.__sbrk_heap_end
                0x000000002000028c        0x4 ./Core/Src/sysmem.o
 .bss.rbuff     0x0000000020000290      0x404 ./Core/Src/tasks_manager.o
                0x0000000020000290                rbuff
 .bss.dequeBuf  0x0000000020000694      0x200 ./Core/Src/tasks_manager.o
                0x0000000020000694                dequeBuf
 .bss.scanChannels_xTaskHandle
                0x0000000020000894        0x4 ./Core/Src/tasks_manager.o
                0x0000000020000894                scanChannels_xTaskHandle
 .bss.dataJoiner_xTaskHandle
                0x0000000020000898        0x4 ./Core/Src/tasks_manager.o
                0x0000000020000898                dataJoiner_xTaskHandle
 .bss.xSerialRxQueue
                0x000000002000089c        0x4 ./Core/Src/tasks_manager.o
                0x000000002000089c                xSerialRxQueue
 .bss.xTimer    0x00000000200008a0        0x4 ./Core/Src/tasks_manager.o
                0x00000000200008a0                xTimer
 .bss.cnt.1     0x00000000200008a4        0x2 ./Core/Src/tasks_manager.o
 *fill*         0x00000000200008a6        0x2 
 .bss.x.0       0x00000000200008a8        0xf ./Core/Src/tasks_manager.o
 *fill*         0x00000000200008b7        0x1 
 .bss.cmdDataProc_xTaskHandle
                0x00000000200008b8        0x4 ./Core/Src/usb_tasks.o
                0x00000000200008b8                cmdDataProc_xTaskHandle
 .bss.xCMDRxQueue
                0x00000000200008bc        0x4 ./Core/Src/usb_tasks.o
                0x00000000200008bc                xCMDRxQueue
 .bss.uwTick    0x00000000200008c0        0x4 ./Drivers/STM32F7xx_HAL_Driver/Src/stm32f7xx_hal.o
                0x00000000200008c0                uwTick
 .bss.xQueueRegistry
                0x00000000200008c4       0x40 ./Middlewares/FREERTOS/queue.o
                0x00000000200008c4                xQueueRegistry
 .bss.pxCurrentTCB
                0x0000000020000904        0x4 ./Middlewares/FREERTOS/tasks.o
                0x0000000020000904                pxCurrentTCB
 .bss.pxReadyTasksLists
                0x0000000020000908       0x8c ./Middlewares/FREERTOS/tasks.o
 .bss.xDelayedTaskList1
                0x0000000020000994       0x14 ./Middlewares/FREERTOS/tasks.o
 .bss.xDelayedTaskList2
                0x00000000200009a8       0x14 ./Middlewares/FREERTOS/tasks.o
 .bss.pxDelayedTaskList
                0x00000000200009bc        0x4 ./Middlewares/FREERTOS/tasks.o
 .bss.pxOverflowDelayedTaskList
                0x00000000200009c0        0x4 ./Middlewares/FREERTOS/tasks.o
 .bss.xPendingReadyList
                0x00000000200009c4       0x14 ./Middlewares/FREERTOS/tasks.o
 .bss.xTasksWaitingTermination
                0x00000000200009d8       0x14 ./Middlewares/FREERTOS/tasks.o
 .bss.uxDeletedTasksWaitingCleanUp
                0x00000000200009ec        0x4 ./Middlewares/FREERTOS/tasks.o
 .bss.xSuspendedTaskList
                0x00000000200009f0       0x14 ./Middlewares/FREERTOS/tasks.o
 .bss.uxCurrentNumberOfTasks
                0x0000000020000a04        0x4 ./Middlewares/FREERTOS/tasks.o
 .bss.xTickCount
                0x0000000020000a08        0x4 ./Middlewares/FREERTOS/tasks.o
 .bss.uxTopReadyPriority
                0x0000000020000a0c        0x4 ./Middlewares/FREERTOS/tasks.o
 .bss.xSchedulerRunning
                0x0000000020000a10        0x4 ./Middlewares/FREERTOS/tasks.o
 .bss.xPendedTicks
                0x0000000020000a14        0x4 ./Middlewares/FREERTOS/tasks.o
 .bss.xYieldPending
                0x0000000020000a18        0x4 ./Middlewares/FREERTOS/tasks.o
 .bss.xNumOfOverflows
                0x0000000020000a1c        0x4 ./Middlewares/FREERTOS/tasks.o
 .bss.uxTaskNumber
                0x0000000020000a20        0x4 ./Middlewares/FREERTOS/tasks.o
 .bss.xNextTaskUnblockTime
                0x0000000020000a24        0x4 ./Middlewares/FREERTOS/tasks.o
 .bss.xIdleTaskHandle
                0x0000000020000a28        0x4 ./Middlewares/FREERTOS/tasks.o
 .bss.uxSchedulerSuspended
                0x0000000020000a2c        0x4 ./Middlewares/FREERTOS/tasks.o
 .bss.xActiveTimerList1
                0x0000000020000a30       0x14 ./Middlewares/FREERTOS/timers.o
 .bss.xActiveTimerList2
                0x0000000020000a44       0x14 ./Middlewares/FREERTOS/timers.o
 .bss.pxCurrentTimerList
                0x0000000020000a58        0x4 ./Middlewares/FREERTOS/timers.o
 .bss.pxOverflowTimerList
                0x0000000020000a5c        0x4 ./Middlewares/FREERTOS/timers.o
 .bss.xTimerQueue
                0x0000000020000a60        0x4 ./Middlewares/FREERTOS/timers.o
 .bss.xTimerTaskHandle
                0x0000000020000a64        0x4 ./Middlewares/FREERTOS/timers.o
 .bss.xLastTime.0
                0x0000000020000a68        0x4 ./Middlewares/FREERTOS/timers.o
 .bss.ucMaxSysCallPriority
                0x0000000020000a6c        0x1 ./Middlewares/FREERTOS/portable/GCC/ARM_CM7/r0p1/port.o
 *fill*         0x0000000020000a6d        0x3 
 .bss.ulMaxPRIGROUPValue
                0x0000000020000a70        0x4 ./Middlewares/FREERTOS/portable/GCC/ARM_CM7/r0p1/port.o
 .bss.ucHeap    0x0000000020000a74     0x3c00 ./Middlewares/FREERTOS/portable/MemMang/heap_4.o
 .bss.xStart    0x0000000020004674        0x8 ./Middlewares/FREERTOS/portable/MemMang/heap_4.o
 .bss.pxEnd     0x000000002000467c        0x4 ./Middlewares/FREERTOS/portable/MemMang/heap_4.o
 .bss.xFreeBytesRemaining
                0x0000000020004680        0x4 ./Middlewares/FREERTOS/portable/MemMang/heap_4.o
 .bss.xMinimumEverFreeBytesRemaining
                0x0000000020004684        0x4 ./Middlewares/FREERTOS/portable/MemMang/heap_4.o
 .bss.xNumberOfSuccessfulAllocations
                0x0000000020004688        0x4 ./Middlewares/FREERTOS/portable/MemMang/heap_4.o
 .bss.xNumberOfSuccessfulFrees
                0x000000002000468c        0x4 ./Middlewares/FREERTOS/portable/MemMang/heap_4.o
 .bss.xBlockAllocatedBit
                0x0000000020004690        0x4 ./Middlewares/FREERTOS/portable/MemMang/heap_4.o
 .bss.cfgidx.0  0x0000000020004694        0x1 ./Middlewares/ST/STM32_USB_Device_Library/Core/Src/usbd_ctlreq.o
 *fill*         0x0000000020004695        0x3 
 .bss.hUsbDeviceFS
                0x0000000020004698      0x2d0 ./USB_DEVICE/App/usb_device.o
                0x0000000020004698                hUsbDeviceFS
 .bss.UserRxBufferFS
                0x0000000020004968      0x800 ./USB_DEVICE/App/usbd_cdc_if.o
                0x0000000020004968                UserRxBufferFS
 .bss.UserTxBufferFS
                0x0000000020005168      0x800 ./USB_DEVICE/App/usbd_cdc_if.o
                0x0000000020005168                UserTxBufferFS
 .bss.USBD_StrDesc
                0x0000000020005968      0x200 ./USB_DEVICE/App/usbd_desc.o
                0x0000000020005968                USBD_StrDesc
 .bss.hpcd_USB_OTG_FS
                0x0000000020005b68      0x404 ./USB_DEVICE/Target/usbd_conf.o
                0x0000000020005b68                hpcd_USB_OTG_FS
 .bss.__malloc_free_list
                0x0000000020005f6c        0x4 c:/st/stm32cubeide_1.0.1/stm32cubeide/plugins/com.st.stm32cube.ide.mcu.externaltools.gnu-tools-for-stm32.10.3-2021.10.win32_1.0.0.202111181127/tools/bin/../lib/gcc/arm-none-eabi/10.3.1/../../../../arm-none-eabi/lib/thumb/v7e-m+fp/hard\libc_nano.a(lib_a-nano-mallocr.o)
                0x0000000020005f6c                __malloc_free_list
 .bss.__malloc_sbrk_start
                0x0000000020005f70        0x4 c:/st/stm32cubeide_1.0.1/stm32cubeide/plugins/com.st.stm32cube.ide.mcu.externaltools.gnu-tools-for-stm32.10.3-2021.10.win32_1.0.0.202111181127/tools/bin/../lib/gcc/arm-none-eabi/10.3.1/../../../../arm-none-eabi/lib/thumb/v7e-m+fp/hard\libc_nano.a(lib_a-nano-mallocr.o)
                0x0000000020005f70                __malloc_sbrk_start
 .bss.errno     0x0000000020005f74        0x4 c:/st/stm32cubeide_1.0.1/stm32cubeide/plugins/com.st.stm32cube.ide.mcu.externaltools.gnu-tools-for-stm32.10.3-2021.10.win32_1.0.0.202111181127/tools/bin/../lib/gcc/arm-none-eabi/10.3.1/../../../../arm-none-eabi/lib/thumb/v7e-m+fp/hard\libc_nano.a(lib_a-reent.o)
                0x0000000020005f74                errno
 .bss.__lock___malloc_recursive_mutex
                0x0000000020005f78        0x1 c:/st/stm32cubeide_1.0.1/stm32cubeide/plugins/com.st.stm32cube.ide.mcu.externaltools.gnu-tools-for-stm32.10.3-2021.10.win32_1.0.0.202111181127/tools/bin/../lib/gcc/arm-none-eabi/10.3.1/../../../../arm-none-eabi/lib/thumb/v7e-m+fp/hard\libc_nano.a(lib_a-lock.o)
                0x0000000020005f78                __lock___malloc_recursive_mutex
 *(COMMON)
                0x0000000020005f7c                . = ALIGN (0x4)
 *fill*         0x0000000020005f79        0x3 
                0x0000000020005f7c                _ebss = .
                0x0000000020005f7c                __bss_end__ = _ebss

._user_heap_stack
                0x0000000020005f7c      0x604 load address 0x000000000800d234
                0x0000000020005f80                . = ALIGN (0x8)
 *fill*         0x0000000020005f7c        0x4 
                [!provide]                        PROVIDE (end = .)
                0x0000000020005f80                PROVIDE (_end = .)
                0x0000000020006180                . = (. + _Min_Heap_Size)
 *fill*         0x0000000020005f80      0x200 
                0x0000000020006580                . = (. + _Min_Stack_Size)
 *fill*         0x0000000020006180      0x400 
                0x0000000020006580                . = ALIGN (0x8)

/DISCARD/
 libc.a(*)
 libm.a(*)
 libgcc.a(*)

.ARM.attributes
                0x0000000000000000       0x30
 *(.ARM.attributes)
 .ARM.attributes
                0x0000000000000000       0x1e c:/st/stm32cubeide_1.0.1/stm32cubeide/plugins/com.st.stm32cube.ide.mcu.externaltools.gnu-tools-for-stm32.10.3-2021.10.win32_1.0.0.202111181127/tools/bin/../lib/gcc/arm-none-eabi/10.3.1/thumb/v7e-m+fp/hard/crti.o
 .ARM.attributes
                0x000000000000001e       0x34 c:/st/stm32cubeide_1.0.1/stm32cubeide/plugins/com.st.stm32cube.ide.mcu.externaltools.gnu-tools-for-stm32.10.3-2021.10.win32_1.0.0.202111181127/tools/bin/../lib/gcc/arm-none-eabi/10.3.1/thumb/v7e-m+fp/hard/crtbegin.o
 .ARM.attributes
                0x0000000000000052       0x34 ./Core/Src/main.o
 .ARM.attributes
                0x0000000000000086       0x34 ./Core/Src/stm32f7xx_hal_msp.o
 .ARM.attributes