../Middlewares/FREERTOS/timers.c:233:16:xTimerCreateTimerTask	24	static,ignoring_inline_asm
../Middlewares/FREERTOS/timers.c:288:23:xTimerCreate	40	static
../Middlewares/FREERTOS/timers.c:355:17:prvInitialiseNewTimer	32	static,ignoring_inline_asm
../Middlewares/FREERTOS/timers.c:386:16:xTimerGenericCommand	48	static,ignoring_inline_asm
../Middlewares/FREERTOS/timers.c:433:18:xTimerGetTimerDaemonTaskHandle	16	static,ignoring_inline_asm
../Middlewares/FREERTOS/timers.c:442:16:xTimerGetPeriod	24	static,ignoring_inline_asm
../Middlewares/FREERTOS/timers.c:451:10:vTimerSetReloadMode	24	static,ignoring_inline_asm
../Middlewares/FREERTOS/timers.c:472:17:uxTimerGetReloadMode	32	static,ignoring_inline_asm
../Middlewares/FREERTOS/timers.c:497:16:xTimerGetExpiryTime	32	static,ignoring_inline_asm
../Middlewares/FREERTOS/timers.c:508:18:pcTimerGetName	24	static,ignoring_inline_asm
../Middlewares/FREERTOS/timers.c:517:17:prvReloadTimer	24	static
../Middlewares/FREERTOS/timers.c:536:17:prvProcessExpiredTimer	24	static
../Middlewares/FREERTOS/timers.c:563:12:prvTimerTask	24	static
../Middlewares/FREERTOS/timers.c:599:17:prvProcessTimerOrBlockTask	24	static,ignoring_inline_asm
../Middlewares/FREERTOS/timers.c:661:23:prvGetNextExpireTime	24	static
../Middlewares/FREERTOS/timers.c:688:23:prvSampleTimeNow	24	static
../Middlewares/FREERTOS/timers.c:711:23:prvInsertTimerInActiveList	32	static
../Middlewares/FREERTOS/timers.c:755:17:prvProcessReceivedCommands	40	static,ignoring_inline_asm
../Middlewares/FREERTOS/timers.c:903:17:prvSwitchTimerLists	16	static
../Middlewares/FREERTOS/timers.c:928:17:prvCheckForValidListAndQueue	8	static
../Middlewares/FREERTOS/timers.c:979:16:xTimerIsTimerActive	32	static,ignoring_inline_asm
../Middlewares/FREERTOS/timers.c:1004:12:pvTimerGetTimerID	32	static,ignoring_inline_asm
../Middlewares/FREERTOS/timers.c:1021:10:vTimerSetTimerID	24	static,ignoring_inline_asm
